Archive member included to satisfy reference by file (symbol)

C:/Users/zhzhongshi/scoop/apps/gcc-arm-none-eabi/current/bin/../lib/gcc/arm-none-eabi/14.2.1/thumb/v6-m/nofp\libgcc.a(_udivsi3.o)
                              CMakeFiles/empty.dir/Driver/ti/driverlib/dl_flashctl.c.obj (__aeabi_uidiv)
C:/Users/zhzhongshi/scoop/apps/gcc-arm-none-eabi/current/bin/../lib/gcc/arm-none-eabi/14.2.1/thumb/v6-m/nofp\libgcc.a(_dvmd_tls.o)
                              C:/Users/zhzhongshi/scoop/apps/gcc-arm-none-eabi/current/bin/../lib/gcc/arm-none-eabi/14.2.1/thumb/v6-m/nofp\libgcc.a(_udivsi3.o) (__aeabi_idiv0)
C:/Users/zhzhongshi/scoop/apps/gcc-arm-none-eabi/current/bin/../lib/gcc/arm-none-eabi/14.2.1/thumb/v6-m/nofp\libg_nano.a(libc_a-init.o)
                              CMakeFiles/empty.dir/Core/startup_mspm0g350x_gcc.c.obj (__libc_init_array)
C:/Users/zhzhongshi/scoop/apps/gcc-arm-none-eabi/current/bin/../lib/gcc/arm-none-eabi/14.2.1/thumb/v6-m/nofp\libg_nano.a(libc_a-memcpy-stub.o)
                              CMakeFiles/empty.dir/Driver/ti/driverlib/dl_mcan.c.obj (memcpy)

Discarded input sections

 .text.DL_ADC12_setClockConfig
                0x00000000       0x40 CMakeFiles/empty.dir/Driver/ti/driverlib/dl_adc12.c.obj
 .text.DL_ADC12_getClockConfig
                0x00000000       0x30 CMakeFiles/empty.dir/Driver/ti/driverlib/dl_adc12.c.obj
 .text.DL_AES_loadDataWord
                0x00000000       0x14 CMakeFiles/empty.dir/Driver/ti/driverlib/dl_aes.c.obj
 .text.DL_AES_checkAlignmentAndReturnPointer
                0x00000000        0xa CMakeFiles/empty.dir/Driver/ti/driverlib/dl_aes.c.obj
 .text.DL_AES_setKeyAligned
                0x00000000       0x20 CMakeFiles/empty.dir/Driver/ti/driverlib/dl_aes.c.obj
 .text.DL_AES_setKey
                0x00000000       0x20 CMakeFiles/empty.dir/Driver/ti/driverlib/dl_aes.c.obj
 .text.DL_AES_loadDataInAligned
                0x00000000       0x14 CMakeFiles/empty.dir/Driver/ti/driverlib/dl_aes.c.obj
 .text.DL_AES_loadDataIn
                0x00000000       0x1c CMakeFiles/empty.dir/Driver/ti/driverlib/dl_aes.c.obj
 .text.DL_AES_getDataOutAligned
                0x00000000       0x18 CMakeFiles/empty.dir/Driver/ti/driverlib/dl_aes.c.obj
 .text.DL_AES_getDataOut
                0x00000000       0x12 CMakeFiles/empty.dir/Driver/ti/driverlib/dl_aes.c.obj
 .text.DL_AES_loadXORDataInAligned
                0x00000000       0x14 CMakeFiles/empty.dir/Driver/ti/driverlib/dl_aes.c.obj
 .text.DL_AES_loadXORDataIn
                0x00000000       0x1c CMakeFiles/empty.dir/Driver/ti/driverlib/dl_aes.c.obj
 .text.DL_AES_loadXORDataInWithoutTriggerAligned
                0x00000000       0x14 CMakeFiles/empty.dir/Driver/ti/driverlib/dl_aes.c.obj
 .text.DL_AES_loadXORDataInWithoutTrigger
                0x00000000       0x1c CMakeFiles/empty.dir/Driver/ti/driverlib/dl_aes.c.obj
 .text.DL_AES_xorDataAligned
                0x00000000       0x18 CMakeFiles/empty.dir/Driver/ti/driverlib/dl_aes.c.obj
 .text.DL_AES_xorData
                0x00000000       0x22 CMakeFiles/empty.dir/Driver/ti/driverlib/dl_aes.c.obj
 .text.DL_AES_saveConfiguration
                0x00000000       0x50 CMakeFiles/empty.dir/Driver/ti/driverlib/dl_aes.c.obj
 .text.DL_AES_restoreConfiguration
                0x00000000       0x4c CMakeFiles/empty.dir/Driver/ti/driverlib/dl_aes.c.obj
 .text.DL_CRC_calculateBlock32
                0x00000000       0x2c CMakeFiles/empty.dir/Driver/ti/driverlib/dl_crc.c.obj
 .text.DL_CRC_calculateMemoryRange32
                0x00000000       0x24 CMakeFiles/empty.dir/Driver/ti/driverlib/dl_crc.c.obj
 .text.DL_CRC_calculateBlock16
                0x00000000       0x3c CMakeFiles/empty.dir/Driver/ti/driverlib/dl_crc.c.obj
 .text.DL_CRC_calculateMemoryRange16
                0x00000000       0x38 CMakeFiles/empty.dir/Driver/ti/driverlib/dl_crc.c.obj
 .text.DL_DAC12_init
                0x00000000       0x7c CMakeFiles/empty.dir/Driver/ti/driverlib/dl_dac12.c.obj
 .text.DL_DAC12_outputBlocking8
                0x00000000       0x14 CMakeFiles/empty.dir/Driver/ti/driverlib/dl_dac12.c.obj
 .text.DL_DAC12_outputBlocking12
                0x00000000       0x18 CMakeFiles/empty.dir/Driver/ti/driverlib/dl_dac12.c.obj
 .text.DL_DAC12_fillFIFO8
                0x00000000       0x24 CMakeFiles/empty.dir/Driver/ti/driverlib/dl_dac12.c.obj
 .text.DL_DAC12_fillFIFO12
                0x00000000       0x2c CMakeFiles/empty.dir/Driver/ti/driverlib/dl_dac12.c.obj
 .text.DL_DAC12_performSelfCalibrationBlocking
                0x00000000       0x14 CMakeFiles/empty.dir/Driver/ti/driverlib/dl_dac12.c.obj
 .text.DL_DMA_initChannel
                0x00000000       0x58 CMakeFiles/empty.dir/Driver/ti/driverlib/dl_dma.c.obj
 .text.DL_FlashCTL_getFlashSectorNumberInBank
                0x00000000       0x54 CMakeFiles/empty.dir/Driver/ti/driverlib/dl_flashctl.c.obj
 .ramfunc       0x00000000       0x30 CMakeFiles/empty.dir/Driver/ti/driverlib/dl_flashctl.c.obj
 .text.DL_FlashCTL_programMemoryConfig
[...]
Memory Configuration

Name             Origin             Length             Attributes
FLASH            0x00000000         0x00020000         xr
SRAM             0x20200000         0x00008000         xrw
BCR_CONFIG       0x41c00000         0x000000ff         r
BSL_CONFIG       0x41c00100         0x00000080         r
*default*        0x00000000         0xffffffff

Linker script and memory map

LOAD C:/Users/zhzhongshi/scoop/apps/gcc-arm-none-eabi/current/bin/../lib/gcc/arm-none-eabi/14.2.1/thumb/v6-m/nofp\libgcc.a
START GROUP
LOAD C:/Users/zhzhongshi/scoop/apps/gcc-arm-none-eabi/current/bin/../lib/gcc/arm-none-eabi/14.2.1/thumb/v6-m/nofp\libc_nano.a
LOAD C:/Users/zhzhongshi/scoop/apps/gcc-arm-none-eabi/current/bin/../lib/gcc/arm-none-eabi/14.2.1/thumb/v6-m/nofp\libm.a
END GROUP
LOAD CMakeFiles/empty.dir/Core/main.c.obj
LOAD CMakeFiles/empty.dir/Core/startup_mspm0g350x_gcc.c.obj
LOAD CMakeFiles/empty.dir/Core/ti_msp_dl_config.c.obj
LOAD CMakeFiles/empty.dir/Driver/ti/driverlib/dl_adc12.c.obj
LOAD CMakeFiles/empty.dir/Driver/ti/driverlib/dl_aes.c.obj
LOAD CMakeFiles/empty.dir/Driver/ti/driverlib/dl_aesadv.c.obj
LOAD CMakeFiles/empty.dir/Driver/ti/driverlib/dl_common.c.obj
LOAD CMakeFiles/empty.dir/Driver/ti/driverlib/dl_comp.c.obj
LOAD CMakeFiles/empty.dir/Driver/ti/driverlib/dl_crc.c.obj
LOAD CMakeFiles/empty.dir/Driver/ti/driverlib/dl_crcp.c.obj
LOAD CMakeFiles/empty.dir/Driver/ti/driverlib/dl_dac12.c.obj
LOAD CMakeFiles/empty.dir/Driver/ti/driverlib/dl_dma.c.obj
LOAD CMakeFiles/empty.dir/Driver/ti/driverlib/dl_flashctl.c.obj
LOAD CMakeFiles/empty.dir/Driver/ti/driverlib/dl_gpamp.c.obj
LOAD CMakeFiles/empty.dir/Driver/ti/driverlib/dl_gpio.c.obj
LOAD CMakeFiles/empty.dir/Driver/ti/driverlib/dl_i2c.c.obj
LOAD CMakeFiles/empty.dir/Driver/ti/driverlib/dl_iwdt.c.obj
LOAD CMakeFiles/empty.dir/Driver/ti/driverlib/dl_keystorectl.c.obj
LOAD CMakeFiles/empty.dir/Driver/ti/driverlib/dl_lcd.c.obj
LOAD CMakeFiles/empty.dir/Driver/ti/driverlib/dl_lfss.c.obj
LOAD CMakeFiles/empty.dir/Driver/ti/driverlib/dl_mathacl.c.obj
LOAD CMakeFiles/empty.dir/Driver/ti/driverlib/dl_mcan.c.obj
LOAD CMakeFiles/empty.dir/Driver/ti/driverlib/dl_opa.c.obj
LOAD CMakeFiles/empty.dir/Driver/ti/driverlib/dl_rtc.c.obj
LOAD CMakeFiles/empty.dir/Driver/ti/driverlib/dl_rtc_a.c.obj
LOAD CMakeFiles/empty.dir/Driver/ti/driverlib/dl_rtc_b.c.obj
LOAD CMakeFiles/empty.dir/Driver/ti/driverlib/dl_rtc_common.c.obj
LOAD CMakeFiles/empty.dir/Driver/ti/driverlib/dl_scratchpad.c.obj
LOAD CMakeFiles/empty.dir/Driver/ti/driverlib/dl_spi.c.obj
LOAD CMakeFiles/empty.dir/Driver/ti/driverlib/dl_tamperio.c.obj
LOAD CMakeFiles/empty.dir/Driver/ti/driverlib/dl_timer.c.obj
LOAD CMakeFiles/empty.dir/Driver/ti/driverlib/dl_timera.c.obj
LOAD CMakeFiles/empty.dir/Driver/ti/driverlib/dl_timerg.c.obj
LOAD CMakeFiles/empty.dir/Driver/ti/driverlib/dl_trng.c.obj
LOAD CMakeFiles/empty.dir/Driver/ti/driverlib/dl_uart.c.obj
LOAD CMakeFiles/empty.dir/Driver/ti/driverlib/dl_vref.c.obj
LOAD CMakeFiles/empty.dir/Driver/ti/driverlib/dl_wwdt.c.obj
LOAD CMakeFiles/empty.dir/Driver/ti/driverlib/m0p/dl_factoryregion.c.obj
LOAD CMakeFiles/empty.dir/Driver/ti/driverlib/m0p/dl_interrupt.c.obj
LOAD CMakeFiles/empty.dir/Driver/ti/driverlib/m0p/sysctl/dl_sysctl_mspm0c110x.c.obj
LOAD CMakeFiles/empty.dir/Driver/ti/driverlib/m0p/sysctl/dl_sysctl_mspm0g1x0x_g3x0x.c.obj
LOAD CMakeFiles/empty.dir/Driver/ti/driverlib/m0p/sysctl/dl_sysctl_mspm0gx51x.c.obj
LOAD CMakeFiles/empty.dir/Driver/ti/driverlib/m0p/sysctl/dl_sysctl_mspm0h321x.c.obj
LOAD CMakeFiles/empty.dir/Driver/ti/driverlib/m0p/sysctl/dl_sysctl_mspm0l111x.c.obj
LOAD CMakeFiles/empty.dir/Driver/ti/driverlib/m0p/sysctl/dl_sysctl_mspm0l11xx_l13xx.c.obj
LOAD CMakeFiles/empty.dir/Driver/ti/driverlib/m0p/sysctl/dl_sysctl_mspm0l122x_l222x.c.obj
START GROUP
LOAD C:/Users/zhzhongshi/scoop/apps/gcc-arm-none-eabi/current/bin/../lib/gcc/arm-none-eabi/14.2.1/thumb/v6-m/nofp\libgcc.a
LOAD C:/Users/zhzhongshi/scoop/apps/gcc-arm-none-eabi/current/bin/../lib/gcc/arm-none-eabi/14.2.1/thumb/v6-m/nofp\libg_nano.a
LOAD C:/Users/zhzhongshi/scoop/apps/gcc-arm-none-eabi/current/bin/../lib/gcc/arm-none-eabi/14.2.1/thumb/v6-m/nofp\libc_nano.a
END GROUP
START GROUP
LOAD C:/Users/zhzhongshi/scoop/apps/gcc-arm-none-eabi/current/bin/../lib/gcc/arm-none-eabi/14.2.1/thumb/v6-m/nofp\libgcc.a
LOAD C:/Users/zhzhongshi/scoop/apps/gcc-arm-none-eabi/current/bin/../lib/gcc/arm-none-eabi/14.2.1/thumb/v6-m/nofp\libc_nano.a
LOAD C:/Users/zhzhongshi/scoop/apps/gcc-arm-none-eabi/current/bin/../lib/gcc/arm-none-eabi/14.2.1/thumb/v6-m/nofp\libnosys.a
END GROUP
START GROUP
LOAD C:/Users/zhzhongshi/scoop/apps/gcc-arm-none-eabi/current/bin/../lib/gcc/arm-none-eabi/14.2.1/thumb/v6-m/nofp\libgcc.a
LOAD C:/Users/zhzhongshi/scoop/apps/gcc-arm-none-eabi/current/bin/../lib/gcc/arm-none-eabi/14.2.1/thumb/v6-m/nofp\libc_nano.a
LOAD C:/Users/zhzhongshi/scoop/apps/gcc-arm-none-eabi/current/bin/../lib/gcc/arm-none-eabi/14.2.1/thumb/v6-m/nofp\libnosys.a
END GROUP
                0x00000000                        _Min_Heap_Size = 0x0
                0x00000080                        _Min_Stack_Size = 0x80
                0x00000000                        PROVIDE (_intvecs_base_address = DEFINED (_intvecs_base_address)?_intvecs_base_address:0x0)

.intvecs        0x00000000       0xc0
 *(.intvecs)
 .intvecs       0x00000000       0xc0 CMakeFiles/empty.dir/Core/startup_mspm0g350x_gcc.c.obj
                0x00000000                interruptVectors
                0x20200000                        PROVIDE (_vtable_base_address = DEFINED (_vtable_base_address)?_vtable_base_address:0x20200000)

.vtable         0x20200000       0xc0
 *(.vtable)
 *fill*         0x20200000        0x0 
 .vtable        0x20200000       0xc0 CMakeFiles/empty.dir/Driver/ti/driverlib/m0p/dl_interrupt.c.obj

.text           0x000000c0      0x308
 CREATE_OBJECT_SYMBOLS
 *(.text)
 .text          0x000000c0        0x0 CMakeFiles/empty.dir/Core/main.c.obj
 .text          0x000000c0        0x0 CMakeFiles/empty.dir/Core/startup_mspm0g350x_gcc.c.obj
 .text          0x000000c0        0x0 CMakeFiles/empty.dir/Core/ti_msp_dl_config.c.obj
 .text          0x000000c0        0x0 CMakeFiles/empty.dir/Driver/ti/driverlib/dl_adc12.c.obj
 .text          0x000000c0        0x0 CMakeFiles/empty.dir/Driver/ti/driverlib/dl_aes.c.obj
 .text          0x000000c0        0x0 CMakeFiles/empty.dir/Driver/ti/driverlib/dl_aesadv.c.obj
 .text          0x000000c0        0x0 CMakeFiles/empty.dir/Driver/ti/driverlib/dl_common.c.obj
 .text          0x000000c0        0x0 CMakeFiles/empty.dir/Driver/ti/driverlib/dl_comp.c.obj
 .text          0x000000c0        0x0 CMakeFiles/empty.dir/Driver/ti/driverlib/dl_crc.c.obj
 .text          0x000000c0        0x0 CMakeFiles/empty.dir/Driver/ti/driverlib/dl_crcp.c.obj
 .text          0x000000c0        0x0 CMakeFiles/empty.dir/Driver/ti/driverlib/dl_dac12.c.obj
 .text          0x000000c0        0x0 CMakeFiles/empty.dir/Driver/ti/driverlib/dl_dma.c.obj
 .text          0x000000c0        0x0 CMakeFiles/empty.dir/Driver/ti/driverlib/dl_flashctl.c.obj
 .text          0x000000c0        0x0 CMakeFiles/empty.dir/Driver/ti/driverlib/dl_gpamp.c.obj
 .text          0x000000c0        0x0 CMakeFiles/empty.dir/Driver/ti/driverlib/dl_gpio.c.obj
 .text          0x000000c0        0x0 CMakeFiles/empty.dir/Driver/ti/driverlib/dl_i2c.c.obj
 .text          0x000000c0        0x0 CMakeFiles/empty.dir/Driver/ti/driverlib/dl_iwdt.c.obj
 .text          0x000000c0        0x0 CMakeFiles/empty.dir/Driver/ti/driverlib/dl_keystorectl.c.obj
 .text          0x000000c0        0x0 CMakeFiles/empty.dir/Driver/ti/driverlib/dl_lcd.c.obj
 .text          0x000000c0        0x0 CMakeFiles/empty.dir/Driver/ti/driverlib/dl_lfss.c.obj
 .text          0x000000c0        0x0 CMakeFiles/empty.dir/Driver/ti/driverlib/dl_mathacl.c.obj
 .text          0x000000c0        0x0 CMakeFiles/empty.dir/Driver/ti/driverlib/dl_mcan.c.obj
 .text          0x000000c0        0x0 CMakeFiles/empty.dir/Driver/ti/driverlib/dl_opa.c.obj
 .text          0x000000c0        0x0 CMakeFiles/empty.dir/Driver/ti/driverlib/dl_rtc.c.obj
 .text          0x000000c0        0x0 CMakeFiles/empty.dir/Driver/ti/driverlib/dl_rtc_a.c.obj
 .text          0x000000c0        0x0 CMakeFiles/empty.dir/Driver/ti/driverlib/dl_rtc_b.c.obj
 .text          0x000000c0        0x0 CMakeFiles/empty.dir/Driver/ti/driverlib/dl_rtc_common.c.obj
 .text          0x000000c0        0x0 CMakeFiles/empty.dir/Driver/ti/driverlib/dl_scratchpad.c.obj
 .text          0x000000c0        0x0 CMakeFiles/empty.dir/Driver/ti/driverlib/dl_spi.c.obj
 .text          0x000000c0        0x0 CMakeFiles/empty.dir/Driver/ti/driverlib/dl_tamperio.c.obj
 .text          0x000000c0        0x0 CMakeFiles/empty.dir/Driver/ti/driverlib/dl_timer.c.obj
 .text          0x000000c0        0x0 CMakeFiles/empty.dir/Driver/ti/driverlib/dl_timera.c.obj
 .text          0x000000c0        0x0 CMakeFiles/empty.dir/Driver/ti/driverlib/dl_timerg.c.obj
 .text          0x000000c0        0x0 CMakeFiles/empty.dir/Driver/ti/driverlib/dl_trng.c.obj
 .text          0x000000c0        0x0 CMakeFiles/empty.dir/Driver/ti/driverlib/dl_uart.c.obj
 .text          0x000000c0        0x0 CMakeFiles/empty.dir/Driver/ti/driverlib/dl_vref.c.obj
 .text          0x000000c0        0x0 CMakeFiles/empty.dir/Driver/ti/driverlib/dl_wwdt.c.obj
 .text          0x000000c0        0x0 CMakeFiles/empty.dir/Driver/ti/driverlib/m0p/dl_factoryregion.c.obj
 .text          0x000000c0        0x0 CMakeFiles/empty.dir/Driver/ti/driverlib/m0p/dl_interrupt.c.obj
 .text          0x000000c0        0x0 CMakeFiles/empty.dir/Driver/ti/driverlib/m0p/sysctl/dl_sysctl_mspm0c110x.c.obj
 .text          0x000000c0        0x0 CMakeFiles/empty.dir/Driver/ti/driverlib/m0p/sysctl/dl_sysctl_mspm0g1x0x_g3x0x.c.obj
 .text          0x000000c0        0x0 CMakeFiles/empty.dir/Driver/ti/driverlib/m0p/sysctl/dl_sysctl_mspm0gx51x.c.obj
 .text          0x000000c0        0x0 CMakeFiles/empty.dir/Driver/ti/driverlib/m0p/sysctl/dl_sysctl_mspm0h321x.c.obj
 .text          0x000000c0        0x0 CMakeFiles/empty.dir/Driver/ti/driverlib/m0p/sysctl/dl_sysctl_mspm0l111x.c.obj
 .text          0x000000c0        0x0 CMakeFiles/empty.dir/Driver/ti/driverlib/m0p/sysctl/dl_sysctl_mspm0l11xx_l13xx.c.obj
 .text          0x000000c0        0x0 CMakeFiles/empty.dir/Driver/ti/driverlib/m0p/sysctl/dl_sysctl_mspm0l122x_l222x.c.obj
 .text          0x000000c0      0x114 C:/Users/zhzhongshi/scoop/apps/gcc-arm-none-eabi/current/bin/../lib/gcc/arm-none-eabi/14.2.1/thumb/v6-m/nofp\libgcc.a(_udivsi3.o)
                0x000000c0                __aeabi_uidiv
                0x000000c0                __udivsi3
                0x000001cc                __aeabi_uidivmod
 .text          0x000001d4        0x4 C:/Users/zhzhongshi/scoop/apps/gcc-arm-none-eabi/current/bin/../lib/gcc/arm-none-eabi/14.2.1/thumb/v6-m/nofp\libgcc.a(_dvmd_tls.o)
                0x000001d4                __aeabi_idiv0
                0x000001d4                __aeabi_ldiv0
 .text          0x000001d8        0x0 C:/Users/zhzhongshi/scoop/apps/gcc-arm-none-eabi/current/bin/../lib/gcc/arm-none-eabi/14.2.1/thumb/v6-m/nofp\libg_nano.a(libc_a-init.o)
 .text          0x000001d8        0x0 C:/Users/zhzhongshi/scoop/apps/gcc-arm-none-eabi/current/bin/../lib/gcc/arm-none-eabi/14.2.1/thumb/v6-m/nofp\libg_nano.a(libc_a-memcpy-stub.o)
                0x000001d8                        . = ALIGN (0x8)
 *(.text.*)
 .text.delay_ms
                0x000001d8       0x14 CMakeFiles/empty.dir/Core/main.c.obj
                0x000001d8                delay_ms
 .text.main     0x000001ec       0x30 CMakeFiles/empty.dir/Core/main.c.obj
                0x000001ec                main
 .text.SysTick_Handler
                0x0000021c       0x18 CMakeFiles/empty.dir/Core/main.c.obj
                0x0000021c                SysTick_Handler
 .text.Default_Handler
                0x00000234        0x2 CMakeFiles/empty.dir/Core/startup_mspm0g350x_gcc.c.obj
                0x00000234                TIMG6_IRQHandler
                0x00000234                TIMG8_IRQHandler
                0x00000234                I2C0_IRQHandler
                0x00000234                HardFault_Handler
                0x00000234                PendSV_Handler
                0x00000234                NMI_Handler
                0x00000234                I2C1_IRQHandler
                0x00000234                UART1_IRQHandler
                0x00000234                TIMA1_IRQHandler
                0x00000234                UART0_IRQHandler
                0x00000234                ADC0_IRQHandler
                0x00000234                SPI1_IRQHandler
                0x00000234                TIMG0_IRQHandler
                0x00000234                ADC1_IRQHandler
                0x00000234                GROUP1_IRQHandler
                0x00000234                RTC_IRQHandler
                0x00000234                GROUP0_IRQHandler
                0x00000234                UART2_IRQHandler
                0x00000234                Default_Handler
                0x00000234                SVC_Handler
                0x00000234                TIMG12_IRQHandler
                0x00000234                DAC0_IRQHandler
                0x00000234                TIMG7_IRQHandler
                0x00000234                SPI0_IRQHandler
                0x00000234                AES_IRQHandler
                0x00000234                DMA_IRQHandler
                0x00000234                TIMA0_IRQHandler
                0x00000234                UART3_IRQHandler
                0x00000234                CANFD0_IRQHandler
 *fill*         0x00000236        0x2 
 .text.Reset_Handler
                0x00000238       0x60 CMakeFiles/empty.dir/Core/startup_mspm0g350x_gcc.c.obj
                0x00000238                Reset_Handler
 .text.initStub
                0x00000298        0x2 CMakeFiles/empty.dir/Core/startup_mspm0g350x_gcc.c.obj
                0x00000298                initStub
                0x00000298                _init
 *fill*         0x0000029a        0x2 
 .text.SYSCFG_DL_initPower
                0x0000029c       0x34 CMakeFiles/empty.dir/Core/ti_msp_dl_config.c.obj
                0x0000029c                SYSCFG_DL_initPower
 .text.SYSCFG_DL_GPIO_init
                0x000002d0       0x2c CMakeFiles/empty.dir/Core/ti_msp_dl_config.c.obj
                0x000002d0                SYSCFG_DL_GPIO_init
 .text.SYSCFG_DL_SYSCTL_init
                0x000002fc       0x38 CMakeFiles/empty.dir/Core/ti_msp_dl_config.c.obj
                0x000002fc                SYSCFG_DL_SYSCTL_init
 .text.SYSCFG_DL_SYSTICK_init
                0x00000334       0x2c CMakeFiles/empty.dir/Core/ti_msp_dl_config.c.obj
                0x00000334                SYSCFG_DL_SYSTICK_init
 .text.SYSCFG_DL_init
                0x00000360       0x14 CMakeFiles/empty.dir/Core/ti_msp_dl_config.c.obj
                0x00000360                SYSCFG_DL_init
 .text.DL_Common_delayCycles
                0x00000374        0xa CMakeFiles/empty.dir/Driver/ti/driverlib/dl_common.c.obj
                0x00000374                DL_Common_delayCycles
 *fill*         0x0000037e        0x2 
 .text.__libc_init_array
                0x00000380       0x48 C:/Users/zhzhongshi/scoop/apps/gcc-arm-none-eabi/current/bin/../lib/gcc/arm-none-eabi/14.2.1/thumb/v6-m/nofp\libg_nano.a(libc_a-init.o)
                0x00000380                __libc_init_array
                0x000003c8                        . = ALIGN (0x8)
 *(.ctors)
                0x000003c8                        . = ALIGN (0x8)
 *(.dtors)
                0x000003c8                        . = ALIGN (0x8)
 *(.init)
                0x000003c8                        . = ALIGN (0x8)
 *(.fini*)
                0x000003c8                        . = ALIGN (0x8)

.glue_7         0x000003c8        0x0
 .glue_7        0x000003c8        0x0 linker stubs

.glue_7t        0x000003c8        0x0
 .glue_7t       0x000003c8        0x0 linker stubs

.vfp11_veneer   0x000003c8        0x0
 .vfp11_veneer  0x000003c8        0x0 linker stubs

.v4_bx          0x000003c8        0x0
 .v4_bx         0x000003c8        0x0 linker stubs

.iplt           0x000003c8        0x0
 .iplt          0x000003c8        0x0 CMakeFiles/empty.dir/Core/main.c.obj

.rel.dyn        0x000003c8        0x0
 .rel.iplt      0x000003c8        0x0 CMakeFiles/empty.dir/Core/main.c.obj

.ramfunc        0x202000c0        0x0 load address 0x000003c8
                0x000003c8                        __ramfunct_load__ = LOADADDR (.ramfunc)
                0x202000c0                        __ramfunct_start__ = .
 *(.ramfunc)
                0x202000c0                        . = ALIGN (0x8)
                0x202000c0                        __ramfunct_end__ = .

.rodata         0x000003c8        0x0
 *(.rodata)
                0x000003c8                        . = ALIGN (0x8)
 *(.rodata.*)
                0x000003c8                        . = ALIGN (0x8)

.preinit_array  0x000003c8        0x0
                0x000003c8                        PROVIDE (__preinit_array_start = .)
 *(.preinit_array*)
                0x000003c8                        PROVIDE (__preinit_array_end = .)

.init_array     0x000003c8        0x0
                0x000003c8                        . = ALIGN (0x8)
                0x000003c8                        PROVIDE (__init_array_start = .)
 *(SORT_BY_NAME(.init_array.*))
 *(.init_array*)
                0x000003c8                        PROVIDE (__init_array_end = .)

.fini_array     0x000003c8        0x0
                0x000003c8                        . = ALIGN (0x8)
                [!provide]                        PROVIDE (__fini_array_start = .)
 *(SORT_BY_NAME(.fini_array.*))
 *(.fini_array*)
                [!provide]                        PROVIDE (__fini_array_end = .)
                0x000003c8                        . = ALIGN (0x8)

.ARM.exidx      0x000003c8        0x0
                0x000003c8                        __exidx_start = .
 *(.ARM.exidx* .gnu.linkonce.armexidx.*)
                0x000003c8                        __exidx_end = .

.ARM.extab      0x000003c8        0x0
                0x000003c8                        . = ALIGN (0x8)
 *(.ARM.extab* .gnu.linkonce.armextab.*)
                0x000003c8                        . = ALIGN (0x8)
                0x000003c8                        __etext = .

.data           0x202000c0        0x0 load address 0x000003c8
                0x000003c8                        __data_load__ = LOADADDR (.data)
                0x202000c0                        __data_start__ = .
 *(.data)
 .data          0x202000c0        0x0 CMakeFiles/empty.dir/Core/main.c.obj
 .data          0x202000c0        0x0 CMakeFiles/empty.dir/Core/startup_mspm0g350x_gcc.c.obj
 .data          0x202000c0        0x0 CMakeFiles/empty.dir/Core/ti_msp_dl_config.c.obj
 .data          0x202000c0        0x0 CMakeFiles/empty.dir/Driver/ti/driverlib/dl_adc12.c.obj
 .data          0x202000c0        0x0 CMakeFiles/empty.dir/Driver/ti/driverlib/dl_aes.c.obj
 .data          0x202000c0        0x0 CMakeFiles/empty.dir/Driver/ti/driverlib/dl_aesadv.c.obj
 .data          0x202000c0        0x0 CMakeFiles/empty.dir/Driver/ti/driverlib/dl_common.c.obj
 .data          0x202000c0        0x0 CMakeFiles/empty.dir/Driver/ti/driverlib/dl_comp.c.obj
 .data          0x202000c0        0x0 CMakeFiles/empty.dir/Driver/ti/driverlib/dl_crc.c.obj
 .data          0x202000c0        0x0 CMakeFiles/empty.dir/Driver/ti/driverlib/dl_crcp.c.obj
 .data          0x202000c0        0x0 CMakeFiles/empty.dir/Driver/ti/driverlib/dl_dac12.c.obj
 .data          0x202000c0        0x0 CMakeFiles/empty.dir/Driver/ti/driverlib/dl_dma.c.obj
 .data          0x202000c0        0x0 CMakeFiles/empty.dir/Driver/ti/driverlib/dl_flashctl.c.obj
 .data          0x202000c0        0x0 CMakeFiles/empty.dir/Driver/ti/driverlib/dl_gpamp.c.obj
 .data          0x202000c0        0x0 CMakeFiles/empty.dir/Driver/ti/driverlib/dl_gpio.c.obj
 .data          0x202000c0        0x0 CMakeFiles/empty.dir/Driver/ti/driverlib/dl_i2c.c.obj
 .data          0x202000c0        0x0 CMakeFiles/empty.dir/Driver/ti/driverlib/dl_iwdt.c.obj
 .data          0x202000c0        0x0 CMakeFiles/empty.dir/Driver/ti/driverlib/dl_keystorectl.c.obj
 .data          0x202000c0        0x0 CMakeFiles/empty.dir/Driver/ti/driverlib/dl_lcd.c.obj
 .data          0x202000c0        0x0 CMakeFiles/empty.dir/Driver/ti/driverlib/dl_lfss.c.obj
 .data          0x202000c0        0x0 CMakeFiles/empty.dir/Driver/ti/driverlib/dl_mathacl.c.obj
 .data          0x202000c0        0x0 CMakeFiles/empty.dir/Driver/ti/driverlib/dl_mcan.c.obj
 .data          0x202000c0        0x0 CMakeFiles/empty.dir/Driver/ti/driverlib/dl_opa.c.obj
 .data          0x202000c0        0x0 CMakeFiles/empty.dir/Driver/ti/driverlib/dl_rtc.c.obj
 .data          0x202000c0        0x0 CMakeFiles/empty.dir/Driver/ti/driverlib/dl_rtc_a.c.obj
 .data          0x202000c0        0x0 CMakeFiles/empty.dir/Driver/ti/driverlib/dl_rtc_b.c.obj
 .data          0x202000c0        0x0 CMakeFiles/empty.dir/Driver/ti/driverlib/dl_rtc_common.c.obj
 .data          0x202000c0        0x0 CMakeFiles/empty.dir/Driver/ti/driverlib/dl_scratchpad.c.obj
 .data          0x202000c0        0x0 CMakeFiles/empty.dir/Driver/ti/driverlib/dl_spi.c.obj
 .data          0x202000c0        0x0 CMakeFiles/empty.dir/Driver/ti/driverlib/dl_tamperio.c.obj
 .data          0x202000c0        0x0 CMakeFiles/empty.dir/Driver/ti/driverlib/dl_timer.c.obj
 .data          0x202000c0        0x0 CMakeFiles/empty.dir/Driver/ti/driverlib/dl_timera.c.obj
 .data          0x202000c0        0x0 CMakeFiles/empty.dir/Driver/ti/driverlib/dl_timerg.c.obj
 .data          0x202000c0        0x0 CMakeFiles/empty.dir/Driver/ti/driverlib/dl_trng.c.obj
 .data          0x202000c0        0x0 CMakeFiles/empty.dir/Driver/ti/driverlib/dl_uart.c.obj
 .data          0x202000c0        0x0 CMakeFiles/empty.dir/Driver/ti/driverlib/dl_vref.c.obj
 .data          0x202000c0        0x0 CMakeFiles/empty.dir/Driver/ti/driverlib/dl_wwdt.c.obj
 .data          0x202000c0        0x0 CMakeFiles/empty.dir/Driver/ti/driverlib/m0p/dl_factoryregion.c.obj
 .data          0x202000c0        0x0 CMakeFiles/empty.dir/Driver/ti/driverlib/m0p/dl_interrupt.c.obj
 .data          0x202000c0        0x0 CMakeFiles/empty.dir/Driver/ti/driverlib/m0p/sysctl/dl_sysctl_mspm0c110x.c.obj
 .data          0x202000c0        0x0 CMakeFiles/empty.dir/Driver/ti/driverlib/m0p/sysctl/dl_sysctl_mspm0g1x0x_g3x0x.c.obj
 .data          0x202000c0        0x0 CMakeFiles/empty.dir/Driver/ti/driverlib/m0p/sysctl/dl_sysctl_mspm0gx51x.c.obj
 .data          0x202000c0        0x0 CMakeFiles/empty.dir/Driver/ti/driverlib/m0p/sysctl/dl_sysctl_mspm0h321x.c.obj
 .data          0x202000c0        0x0 CMakeFiles/empty.dir/Driver/ti/driverlib/m0p/sysctl/dl_sysctl_mspm0l111x.c.obj
 .data          0x202000c0        0x0 CMakeFiles/empty.dir/Driver/ti/driverlib/m0p/sysctl/dl_sysctl_mspm0l11xx_l13xx.c.obj
 .data          0x202000c0        0x0 CMakeFiles/empty.dir/Driver/ti/driverlib/m0p/sysctl/dl_sysctl_mspm0l122x_l222x.c.obj
 .data          0x202000c0        0x0 C:/Users/zhzhongshi/scoop/apps/gcc-arm-none-eabi/current/bin/../lib/gcc/arm-none-eabi/14.2.1/thumb/v6-m/nofp\libgcc.a(_udivsi3.o)
 .data          0x202000c0        0x0 C:/Users/zhzhongshi/scoop/apps/gcc-arm-none-eabi/current/bin/../lib/gcc/arm-none-eabi/14.2.1/thumb/v6-m/nofp\libgcc.a(_dvmd_tls.o)
 .data          0x202000c0        0x0 C:/Users/zhzhongshi/scoop/apps/gcc-arm-none-eabi/current/bin/../lib/gcc/arm-none-eabi/14.2.1/thumb/v6-m/nofp\libg_nano.a(libc_a-init.o)
 .data          0x202000c0        0x0 C:/Users/zhzhongshi/scoop/apps/gcc-arm-none-eabi/current/bin/../lib/gcc/arm-none-eabi/14.2.1/thumb/v6-m/nofp\libg_nano.a(libc_a-memcpy-stub.o)
 *(.data*)
                0x202000c0                        . = ALIGN (0x8)
                0x202000c0                        __data_end__ = .

.igot.plt       0x202000c0        0x0 load address 0x000003c8
 .igot.plt      0x202000c0        0x0 CMakeFiles/empty.dir/Core/main.c.obj

.bss            0x202000c0        0x8
                0x202000c0                        __bss_start__ = .
 *(.shbss)
 *(.bss)
 .bss           0x202000c0        0x0 CMakeFiles/empty.dir/Core/main.c.obj
 .bss           0x202000c0        0x0 CMakeFiles/empty.dir/Core/startup_mspm0g350x_gcc.c.obj
 .bss           0x202000c0        0x0 CMakeFiles/empty.dir/Core/ti_msp_dl_config.c.obj
 .bss           0x202000c0        0x0 CMakeFiles/empty.dir/Driver/ti/driverlib/dl_adc12.c.obj
 .bss           0x202000c0        0x0 CMakeFiles/empty.dir/Driver/ti/driverlib/dl_aes.c.obj
 .bss           0x202000c0        0x0 CMakeFiles/empty.dir/Driver/ti/driverlib/dl_aesadv.c.obj
 .bss           0x202000c0        0x0 CMakeFiles/empty.dir/Driver/ti/driverlib/dl_common.c.obj
 .bss           0x202000c0        0x0 CMakeFiles/empty.dir/Driver/ti/driverlib/dl_comp.c.obj
 .bss           0x202000c0        0x0 CMakeFiles/empty.dir/Driver/ti/driverlib/dl_crc.c.obj
 .bss           0x202000c0        0x0 CMakeFiles/empty.dir/Driver/ti/driverlib/dl_crcp.c.obj
 .bss           0x202000c0        0x0 CMakeFiles/empty.dir/Driver/ti/driverlib/dl_dac12.c.obj
 .bss           0x202000c0        0x0 CMakeFiles/empty.dir/Driver/ti/driverlib/dl_dma.c.obj
 .bss           0x202000c0        0x0 CMakeFiles/empty.dir/Driver/ti/driverlib/dl_flashctl.c.obj
 .bss           0x202000c0        0x0 CMakeFiles/empty.dir/Driver/ti/driverlib/dl_gpamp.c.obj
 .bss           0x202000c0        0x0 CMakeFiles/empty.dir/Driver/ti/driverlib/dl_gpio.c.obj
 .bss           0x202000c0        0x0 CMakeFiles/empty.dir/Driver/ti/driverlib/dl_i2c.c.obj
 .bss           0x202000c0        0x0 CMakeFiles/empty.dir/Driver/ti/driverlib/dl_iwdt.c.obj
 .bss           0x202000c0        0x0 CMakeFiles/empty.dir/Driver/ti/driverlib/dl_keystorectl.c.obj
 .bss           0x202000c0        0x0 CMakeFiles/empty.dir/Driver/ti/driverlib/dl_lcd.c.obj
 .bss           0x202000c0        0x0 CMakeFiles/empty.dir/Driver/ti/driverlib/dl_lfss.c.obj
 .bss           0x202000c0        0x0 CMakeFiles/empty.dir/Driver/ti/driverlib/dl_mathacl.c.obj
 .bss           0x202000c0        0x0 CMakeFiles/empty.dir/Driver/ti/driverlib/dl_mcan.c.obj
 .bss           0x202000c0        0x0 CMakeFiles/empty.dir/Driver/ti/driverlib/dl_opa.c.obj
 .bss           0x202000c0        0x0 CMakeFiles/empty.dir/Driver/ti/driverlib/dl_rtc.c.obj
 .bss           0x202000c0        0x0 CMakeFiles/empty.dir/Driver/ti/driverlib/dl_rtc_a.c.obj
 .bss           0x202000c0        0x0 CMakeFiles/empty.dir/Driver/ti/driverlib/dl_rtc_b.c.obj
 .bss           0x202000c0        0x0 CMakeFiles/empty.dir/Driver/ti/driverlib/dl_rtc_common.c.obj
 .bss           0x202000c0        0x0 CMakeFiles/empty.dir/Driver/ti/driverlib/dl_scratchpad.c.obj
 .bss           0x202000c0        0x0 CMakeFiles/empty.dir/Driver/ti/driverlib/dl_spi.c.obj
 .bss           0x202000c0        0x0 CMakeFiles/empty.dir/Driver/ti/driverlib/dl_tamperio.c.obj
 .bss           0x202000c0        0x0 CMakeFiles/empty.dir/Driver/ti/driverlib/dl_timer.c.obj
 .bss           0x202000c0        0x0 CMakeFiles/empty.dir/Driver/ti/driverlib/dl_timera.c.obj
 .bss           0x202000c0        0x0 CMakeFiles/empty.dir/Driver/ti/driverlib/dl_timerg.c.obj
 .bss           0x202000c0        0x0 CMakeFiles/empty.dir/Driver/ti/driverlib/dl_trng.c.obj
 .bss           0x202000c0        0x0 CMakeFiles/empty.dir/Driver/ti/driverlib/dl_uart.c.obj
 .bss           0x202000c0        0x0 CMakeFiles/empty.dir/Driver/ti/driverlib/dl_vref.c.obj
 .bss           0x202000c0        0x0 CMakeFiles/empty.dir/Driver/ti/driverlib/dl_wwdt.c.obj
 .bss           0x202000c0        0x0 CMakeFiles/empty.dir/Driver/ti/driverlib/m0p/dl_factoryregion.c.obj
 .bss           0x202000c0        0x0 CMakeFiles/empty.dir/Driver/ti/driverlib/m0p/dl_interrupt.c.obj
 .bss           0x202000c0        0x0 CMakeFiles/empty.dir/Driver/ti/driverlib/m0p/sysctl/dl_sysctl_mspm0c110x.c.obj
 .bss           0x202000c0        0x0 CMakeFiles/empty.dir/Driver/ti/driverlib/m0p/sysctl/dl_sysctl_mspm0g1x0x_g3x0x.c.obj
 .bss           0x202000c0        0x0 CMakeFiles/empty.dir/Driver/ti/driverlib/m0p/sysctl/dl_sysctl_mspm0gx51x.c.obj
 .bss           0x202000c0        0x0 CMakeFiles/empty.dir/Driver/ti/driverlib/m0p/sysctl/dl_sysctl_mspm0h321x.c.obj
 .bss           0x202000c0        0x0 CMakeFiles/empty.dir/Driver/ti/driverlib/m0p/sysctl/dl_sysctl_mspm0l111x.c.obj
 .bss           0x202000c0        0x0 CMakeFiles/empty.dir/Driver/ti/driverlib/m0p/sysctl/dl_sysctl_mspm0l11xx_l13xx.c.obj
 .bss           0x202000c0        0x0 CMakeFiles/empty.dir/Driver/ti/driverlib/m0p/sysctl/dl_sysctl_mspm0l122x_l222x.c.obj
 .bss           0x202000c0        0x0 C:/Users/zhzhongshi/scoop/apps/gcc-arm-none-eabi/current/bin/../lib/gcc/arm-none-eabi/14.2.1/thumb/v6-m/nofp\libgcc.a(_udivsi3.o)
 .bss           0x202000c0        0x0 C:/Users/zhzhongshi/scoop/apps/gcc-arm-none-eabi/current/bin/../lib/gcc/arm-none-eabi/14.2.1/thumb/v6-m/nofp\libgcc.a(_dvmd_tls.o)
 .bss           0x202000c0        0x0 C:/Users/zhzhongshi/scoop/apps/gcc-arm-none-eabi/current/bin/../lib/gcc/arm-none-eabi/14.2.1/thumb/v6-m/nofp\libg_nano.a(libc_a-init.o)
 .bss           0x202000c0        0x0 C:/Users/zhzhongshi/scoop/apps/gcc-arm-none-eabi/current/bin/../lib/gcc/arm-none-eabi/14.2.1/thumb/v6-m/nofp\libg_nano.a(libc_a-memcpy-stub.o)
 *(.bss.*)
 .bss.delay_times
                0x202000c0        0x4 CMakeFiles/empty.dir/Core/main.c.obj
                0x202000c0                delay_times
 *(COMMON)
                0x202000c8                        . = ALIGN (0x8)
 *fill*         0x202000c4        0x4 
                0x202000c8                        __bss_end__ = .

.noinit         0x202000c8        0x0
 *(*.noinit*)
                0x202000c8                        . = ALIGN (0x8)

.heap           0x202000c8        0x0
                0x202000c8                        __heap_start__ = .
                0x202000c8                        end = __heap_start__
                0x202000c8                        _end = end
                0x202000c8                        __end = end
 *(.heap)
                0x202000c8                        __heap_end__ = .
                0x202000c8                        __HeapLimit = __heap_end__

.stack          0x202000c8        0x0
                0x202000c8                        _stack = .
 *(.stack)

.BCRConfig
 *(.BCRConfig)

.BSLConfig
 *(.BSLConfig)
                0x20208000                        __StackTop = (ORIGIN (REGION_STACK) + LENGTH (REGION_STACK))
                [!provide]                        PROVIDE (__stack = __StackTop)
OUTPUT(empty.elf elf32-littlearm)
LOAD linker stubs

.debug_info     0x00000000    0xe2987
 .debug_info    0x00000000     0x5625 CMakeFiles/empty.dir/Core/main.c.obj
 .debug_info    0x00005625      0x1bc CMakeFiles/empty.dir/Core/startup_mspm0g350x_gcc.c.obj
 .debug_info    0x000057e1     0x5fcc CMakeFiles/empty.dir/Core/ti_msp_dl_config.c.obj
 .debug_info    0x0000b7ad     0x5776 CMakeFiles/empty.dir/Driver/ti/driverlib/dl_adc12.c.obj
 .debug_info    0x00010f23     0x5ce4 CMakeFiles/empty.dir/Driver/ti/driverlib/dl_aes.c.obj
 .debug_info    0x00016c07     0x54d0 CMakeFiles/empty.dir/Driver/ti/driverlib/dl_aesadv.c.obj
 .debug_info    0x0001c0d7     0x54fe CMakeFiles/empty.dir/Driver/ti/driverlib/dl_common.c.obj
 .debug_info    0x000215d5     0x54c9 CMakeFiles/empty.dir/Driver/ti/driverlib/dl_comp.c.obj
 .debug_info    0x00026a9e     0x597b CMakeFiles/empty.dir/Driver/ti/driverlib/dl_crc.c.obj
 .debug_info    0x0002c419     0x54c9 CMakeFiles/empty.dir/Driver/ti/driverlib/dl_crcp.c.obj
 .debug_info    0x000318e2     0x5d71 CMakeFiles/empty.dir/Driver/ti/driverlib/dl_dac12.c.obj
 .debug_info    0x00037653     0x58cc CMakeFiles/empty.dir/Driver/ti/driverlib/dl_dma.c.obj
 .debug_info    0x0003cf1f     0x8dd9 CMakeFiles/empty.dir/Driver/ti/driverlib/dl_flashctl.c.obj
 .debug_info    0x00045cf8     0x54c9 CMakeFiles/empty.dir/Driver/ti/driverlib/dl_gpamp.c.obj
 .debug_info    0x0004b1c1     0x54c9 CMakeFiles/empty.dir/Driver/ti/driverlib/dl_gpio.c.obj
 .debug_info    0x0005068a     0x5dcc CMakeFiles/empty.dir/Driver/ti/driverlib/dl_i2c.c.obj
 .debug_info    0x00056456     0x54c9 CMakeFiles/empty.dir/Driver/ti/driverlib/dl_iwdt.c.obj
 .debug_info    0x0005b91f     0x54c9 CMakeFiles/empty.dir/Driver/ti/driverlib/dl_keystorectl.c.obj
 .debug_info    0x00060de8     0x54c9 CMakeFiles/empty.dir/Driver/ti/driverlib/dl_lcd.c.obj
 .debug_info    0x000662b1     0x54c9 CMakeFiles/empty.dir/Driver/ti/driverlib/dl_lfss.c.obj
 .debug_info    0x0006b77a     0x57a5 CMakeFiles/empty.dir/Driver/ti/driverlib/dl_mathacl.c.obj
 .debug_info    0x00070f1f     0xa88e CMakeFiles/empty.dir/Driver/ti/driverlib/dl_mcan.c.obj
 .debug_info    0x0007b7ad     0x575b CMakeFiles/empty.dir/Driver/ti/driverlib/dl_opa.c.obj
 .debug_info    0x00080f08     0x54c9 CMakeFiles/empty.dir/Driver/ti/driverlib/dl_rtc.c.obj
 .debug_info    0x000863d1     0x54c9 CMakeFiles/empty.dir/Driver/ti/driverlib/dl_rtc_a.c.obj
 .debug_info    0x0008b89a     0x54c9 CMakeFiles/empty.dir/Driver/ti/driverlib/dl_rtc_b.c.obj
 .debug_info    0x00090d63     0x716a CMakeFiles/empty.dir/Driver/ti/driverlib/dl_rtc_common.c.obj
 .debug_info    0x00097ecd     0x54c9 CMakeFiles/empty.dir/Driver/ti/driverlib/dl_scratchpad.c.obj
 .debug_info    0x0009d396     0x642c CMakeFiles/empty.dir/Driver/ti/driverlib/dl_spi.c.obj
 .debug_info    0x000a37c2     0x54c9 CMakeFiles/empty.dir/Driver/ti/driverlib/dl_tamperio.c.obj
 .debug_info    0x000a8c8b     0x7ef3 CMakeFiles/empty.dir/Driver/ti/driverlib/dl_timer.c.obj
 .debug_info    0x000b0b7e     0x54d0 CMakeFiles/empty.dir/Driver/ti/driverlib/dl_timera.c.obj
 .debug_info    0x000b604e     0x54d0 CMakeFiles/empty.dir/Driver/ti/driverlib/dl_timerg.c.obj
 .debug_info    0x000bb51e     0x5712 CMakeFiles/empty.dir/Driver/ti/driverlib/dl_trng.c.obj
 .debug_info    0x000c0c30     0x640b CMakeFiles/empty.dir/Driver/ti/driverlib/dl_uart.c.obj
 .debug_info    0x000c703b     0x56d3 CMakeFiles/empty.dir/Driver/ti/driverlib/dl_vref.c.obj
 .debug_info    0x000cc70e     0x54c9 CMakeFiles/empty.dir/Driver/ti/driverlib/dl_wwdt.c.obj
 .debug_info    0x000d1bd7     0x54c9 CMakeFiles/empty.dir/Driver/ti/driverlib/m0p/dl_factoryregion.c.obj
 .debug_info    0x000d70a0     0x562e CMakeFiles/empty.dir/Driver/ti/driverlib/m0p/dl_interrupt.c.obj
 .debug_info    0x000dc6ce       0x65 CMakeFiles/empty.dir/Driver/ti/driverlib/m0p/sysctl/dl_sysctl_mspm0c110x.c.obj
 .debug_info    0x000dc733     0x605b CMakeFiles/empty.dir/Driver/ti/driverlib/m0p/sysctl/dl_sysctl_mspm0g1x0x_g3x0x.c.obj
 .debug_info    0x000e278e       0x65 CMakeFiles/empty.dir/Driver/ti/driverlib/m0p/sysctl/dl_sysctl_mspm0gx51x.c.obj
 .debug_info    0x000e27f3       0x65 CMakeFiles/empty.dir/Driver/ti/driverlib/m0p/sysctl/dl_sysctl_mspm0h321x.c.obj
 .debug_info    0x000e2858       0x65 CMakeFiles/empty.dir/Driver/ti/driverlib/m0p/sysctl/dl_sysctl_mspm0l111x.c.obj
 .debug_info    0x000e28bd       0x65 CMakeFiles/empty.dir/Driver/ti/driverlib/m0p/sysctl/dl_sysctl_mspm0l11xx_l13xx.c.obj
 .debug_info    0x000e2922       0x65 CMakeFiles/empty.dir/Driver/ti/driverlib/m0p/sysctl/dl_sysctl_mspm0l122x_l222x.c.obj

.debug_abbrev   0x00000000     0x529e
 .debug_abbrev  0x00000000      0x23d CMakeFiles/empty.dir/Core/main.c.obj
 .debug_abbrev  0x0000023d      0x12b CMakeFiles/empty.dir/Core/startup_mspm0g350x_gcc.c.obj
 .debug_abbrev  0x00000368      0x2f8 CMakeFiles/empty.dir/Core/ti_msp_dl_config.c.obj
 .debug_abbrev  0x00000660      0x238 CMakeFiles/empty.dir/Driver/ti/driverlib/dl_adc12.c.obj
 .debug_abbrev  0x00000898      0x2cf CMakeFiles/empty.dir/Driver/ti/driverlib/dl_aes.c.obj
 .debug_abbrev  0x00000b67      0x139 CMakeFiles/empty.dir/Driver/ti/driverlib/dl_aesadv.c.obj
 .debug_abbrev  0x00000ca0      0x176 CMakeFiles/empty.dir/Driver/ti/driverlib/dl_common.c.obj
 .debug_abbrev  0x00000e16      0x139 CMakeFiles/empty.dir/Driver/ti/driverlib/dl_comp.c.obj
 .debug_abbrev  0x00000f4f      0x2ae CMakeFiles/empty.dir/Driver/ti/driverlib/dl_crc.c.obj
 .debug_abbrev  0x000011fd      0x139 CMakeFiles/empty.dir/Driver/ti/driverlib/dl_crcp.c.obj
 .debug_abbrev  0x00001336      0x2dc CMakeFiles/empty.dir/Driver/ti/driverlib/dl_dac12.c.obj
 .debug_abbrev  0x00001612      0x274 CMakeFiles/empty.dir/Driver/ti/driverlib/dl_dma.c.obj
 .debug_abbrev  0x00001886      0x486 CMakeFiles/empty.dir/Driver/ti/driverlib/dl_flashctl.c.obj
 .debug_abbrev  0x00001d0c      0x139 CMakeFiles/empty.dir/Driver/ti/driverlib/dl_gpamp.c.obj
 .debug_abbrev  0x00001e45      0x139 CMakeFiles/empty.dir/Driver/ti/driverlib/dl_gpio.c.obj
 .debug_abbrev  0x00001f7e      0x2d2 CMakeFiles/empty.dir/Driver/ti/driverlib/dl_i2c.c.obj
 .debug_abbrev  0x00002250      0x139 CMakeFiles/empty.dir/Driver/ti/driverlib/dl_iwdt.c.obj
 .debug_abbrev  0x00002389      0x139 CMakeFiles/empty.dir/Driver/ti/driverlib/dl_keystorectl.c.obj
 .debug_abbrev  0x000024c2      0x139 CMakeFiles/empty.dir/Driver/ti/driverlib/dl_lcd.c.obj
 .debug_abbrev  0x000025fb      0x139 CMakeFiles/empty.dir/Driver/ti/driverlib/dl_lfss.c.obj
 .debug_abbrev  0x00002734      0x231 CMakeFiles/empty.dir/Driver/ti/driverlib/dl_mathacl.c.obj
 .debug_abbrev  0x00002965      0x3c6 CMakeFiles/empty.dir/Driver/ti/driverlib/dl_mcan.c.obj
 .debug_abbrev  0x00002d2b      0x28a CMakeFiles/empty.dir/Driver/ti/driverlib/dl_opa.c.obj
 .debug_abbrev  0x00002fb5      0x139 CMakeFiles/empty.dir/Driver/ti/driverlib/dl_rtc.c.obj
 .debug_abbrev  0x000030ee      0x139 CMakeFiles/empty.dir/Driver/ti/driverlib/dl_rtc_a.c.obj
 .debug_abbrev  0x00003227      0x139 CMakeFiles/empty.dir/Driver/ti/driverlib/dl_rtc_b.c.obj
 .debug_abbrev  0x00003360      0x34b CMakeFiles/empty.dir/Driver/ti/driverlib/dl_rtc_common.c.obj
 .debug_abbrev  0x000036ab      0x139 CMakeFiles/empty.dir/Driver/ti/driverlib/dl_scratchpad.c.obj
 .debug_abbrev  0x000037e4      0x390 CMakeFiles/empty.dir/Driver/ti/driverlib/dl_spi.c.obj
 .debug_abbrev  0x00003b74      0x139 CMakeFiles/empty.dir/Driver/ti/driverlib/dl_tamperio.c.obj
 .debug_abbrev  0x00003cad      0x38a CMakeFiles/empty.dir/Driver/ti/driverlib/dl_timer.c.obj
 .debug_abbrev  0x00004037      0x139 CMakeFiles/empty.dir/Driver/ti/driverlib/dl_timera.c.obj
 .debug_abbrev  0x00004170      0x139 CMakeFiles/empty.dir/Driver/ti/driverlib/dl_timerg.c.obj
 .debug_abbrev  0x000042a9      0x269 CMakeFiles/empty.dir/Driver/ti/driverlib/dl_trng.c.obj
 .debug_abbrev  0x00004512      0x3b0 CMakeFiles/empty.dir/Driver/ti/driverlib/dl_uart.c.obj
 .debug_abbrev  0x000048c2      0x191 CMakeFiles/empty.dir/Driver/ti/driverlib/dl_vref.c.obj
 .debug_abbrev  0x00004a53      0x139 CMakeFiles/empty.dir/Driver/ti/driverlib/dl_wwdt.c.obj
 .debug_abbrev  0x00004b8c      0x139 CMakeFiles/empty.dir/Driver/ti/driverlib/m0p/dl_factoryregion.c.obj
 .debug_abbrev  0x00004cc5      0x1ec CMakeFiles/empty.dir/Driver/ti/driverlib/m0p/dl_interrupt.c.obj
 .debug_abbrev  0x00004eb1       0x26 CMakeFiles/empty.dir/Driver/ti/driverlib/m0p/sysctl/dl_sysctl_mspm0c110x.c.obj
 .debug_abbrev  0x00004ed7      0x309 CMakeFiles/empty.dir/Driver/ti/driverlib/m0p/sysctl/dl_sysctl_mspm0g1x0x_g3x0x.c.obj
 .debug_abbrev  0x000051e0       0x26 CMakeFiles/empty.dir/Driver/ti/driverlib/m0p/sysctl/dl_sysctl_mspm0gx51x.c.obj
 .debug_abbrev  0x00005206       0x26 CMakeFiles/empty.dir/Driver/ti/driverlib/m0p/sysctl/dl_sysctl_mspm0h321x.c.obj
 .debug_abbrev  0x0000522c       0x26 CMakeFiles/empty.dir/Driver/ti/driverlib/m0p/sysctl/dl_sysctl_mspm0l111x.c.obj
 .debug_abbrev  0x00005252       0x26 CMakeFiles/empty.dir/Driver/ti/driverlib/m0p/sysctl/dl_sysctl_mspm0l11xx_l13xx.c.obj
 .debug_abbrev  0x00005278       0x26 CMakeFiles/empty.dir/Driver/ti/driverlib/m0p/sysctl/dl_sysctl_mspm0l122x_l222x.c.obj

.debug_loclists
                0x00000000     0xa809
 .debug_loclists
                0x00000000       0x40 CMakeFiles/empty.dir/Core/main.c.obj
 .debug_loclists
                0x00000040       0x51 CMakeFiles/empty.dir/Core/startup_mspm0g350x_gcc.c.obj
 .debug_loclists
                0x00000091      0x155 CMakeFiles/empty.dir/Core/ti_msp_dl_config.c.obj
 .debug_loclists
                0x000001e6       0xe0 CMakeFiles/empty.dir/Driver/ti/driverlib/dl_adc12.c.obj
 .debug_loclists
                0x000002c6      0x71a CMakeFiles/empty.dir/Driver/ti/driverlib/dl_aes.c.obj
 .debug_loclists
                0x000009e0      0x2aa CMakeFiles/empty.dir/Driver/ti/driverlib/dl_crc.c.obj
 .debug_loclists
                0x00000c8a      0x2ec CMakeFiles/empty.dir/Driver/ti/driverlib/dl_dac12.c.obj
 .debug_loclists
                0x00000f76      0x147 CMakeFiles/empty.dir/Driver/ti/driverlib/dl_dma.c.obj
 .debug_loclists
                0x000010bd     0x2427 CMakeFiles/empty.dir/Driver/ti/driverlib/dl_flashctl.c.obj
 .debug_loclists
                0x000034e4      0x2c0 CMakeFiles/empty.dir/Driver/ti/driverlib/dl_i2c.c.obj
 .debug_loclists
                0x000037a4       0x70 CMakeFiles/empty.dir/Driver/ti/driverlib/dl_mathacl.c.obj
 .debug_loclists
                0x00003814     0x3caf CMakeFiles/empty.dir/Driver/ti/driverlib/dl_mcan.c.obj
 .debug_loclists
                0x000074c3      0x11e CMakeFiles/empty.dir/Driver/ti/driverlib/dl_opa.c.obj
 .debug_loclists
                0x000075e1      0x8bd CMakeFiles/empty.dir/Driver/ti/driverlib/dl_rtc_common.c.obj
 .debug_loclists
                0x00007e9e      0x5aa CMakeFiles/empty.dir/Driver/ti/driverlib/dl_spi.c.obj
 .debug_loclists
                0x00008448     0x163f CMakeFiles/empty.dir/Driver/ti/driverlib/dl_timer.c.obj
 .debug_loclists
                0x00009a87       0x9b CMakeFiles/empty.dir/Driver/ti/driverlib/dl_trng.c.obj
 .debug_loclists
                0x00009b22      0x6c5 CMakeFiles/empty.dir/Driver/ti/driverlib/dl_uart.c.obj
 .debug_loclists
                0x0000a1e7       0x66 CMakeFiles/empty.dir/Driver/ti/driverlib/m0p/dl_interrupt.c.obj
 .debug_loclists
                0x0000a24d      0x5bc CMakeFiles/empty.dir/Driver/ti/driverlib/m0p/sysctl/dl_sysctl_mspm0g1x0x_g3x0x.c.obj

.debug_aranges  0x00000000      0xf08
 .debug_aranges
                0x00000000       0x30 CMakeFiles/empty.dir/Core/main.c.obj
 .debug_aranges
                0x00000030       0x30 CMakeFiles/empty.dir/Core/startup_mspm0g350x_gcc.c.obj
 .debug_aranges
                0x00000060       0x40 CMakeFiles/empty.dir/Core/ti_msp_dl_config.c.obj
 .debug_aranges
                0x000000a0       0x28 CMakeFiles/empty.dir/Driver/ti/driverlib/dl_adc12.c.obj
 .debug_aranges
                0x000000c8       0x98 CMakeFiles/empty.dir/Driver/ti/driverlib/dl_aes.c.obj
 .debug_aranges
                0x00000160       0x18 CMakeFiles/empty.dir/Driver/ti/driverlib/dl_aesadv.c.obj
 .debug_aranges
                0x00000178       0x20 CMakeFiles/empty.dir/Driver/ti/driverlib/dl_common.c.obj
 .debug_aranges
                0x00000198       0x18 CMakeFiles/empty.dir/Driver/ti/driverlib/dl_comp.c.obj
 .debug_aranges
                0x000001b0       0x38 CMakeFiles/empty.dir/Driver/ti/driverlib/dl_crc.c.obj
 .debug_aranges
                0x000001e8       0x18 CMakeFiles/empty.dir/Driver/ti/driverlib/dl_crcp.c.obj
 .debug_aranges
                0x00000200       0x48 CMakeFiles/empty.dir/Driver/ti/driverlib/dl_dac12.c.obj
 .debug_aranges
                0x00000248       0x20 CMakeFiles/empty.dir/Driver/ti/driverlib/dl_dma.c.obj
 .debug_aranges
                0x00000268      0x2d0 CMakeFiles/empty.dir/Driver/ti/driverlib/dl_flashctl.c.obj
 .debug_aranges
                0x00000538       0x18 CMakeFiles/empty.dir/Driver/ti/driverlib/dl_gpamp.c.obj
 .debug_aranges
                0x00000550       0x18 CMakeFiles/empty.dir/Driver/ti/driverlib/dl_gpio.c.obj
 .debug_aranges
                0x00000568       0x78 CMakeFiles/empty.dir/Driver/ti/driverlib/dl_i2c.c.obj
 .debug_aranges
                0x000005e0       0x18 CMakeFiles/empty.dir/Driver/ti/driverlib/dl_iwdt.c.obj
 .debug_aranges
                0x000005f8       0x18 CMakeFiles/empty.dir/Driver/ti/driverlib/dl_keystorectl.c.obj
 .debug_aranges
                0x00000610       0x18 CMakeFiles/empty.dir/Driver/ti/driverlib/dl_lcd.c.obj
 .debug_aranges
                0x00000628       0x18 CMakeFiles/empty.dir/Driver/ti/driverlib/dl_lfss.c.obj
 .debug_aranges
                0x00000640       0x20 CMakeFiles/empty.dir/Driver/ti/driverlib/dl_mathacl.c.obj
 .debug_aranges
                0x00000660      0x2a8 CMakeFiles/empty.dir/Driver/ti/driverlib/dl_mcan.c.obj
 .debug_aranges
                0x00000908       0x28 CMakeFiles/empty.dir/Driver/ti/driverlib/dl_opa.c.obj
 .debug_aranges
                0x00000930       0x18 CMakeFiles/empty.dir/Driver/ti/driverlib/dl_rtc.c.obj
 .debug_aranges
                0x00000948       0x18 CMakeFiles/empty.dir/Driver/ti/driverlib/dl_rtc_a.c.obj
 .debug_aranges
                0x00000960       0x18 CMakeFiles/empty.dir/Driver/ti/driverlib/dl_rtc_b.c.obj
 .debug_aranges
                0x00000978       0x68 CMakeFiles/empty.dir/Driver/ti/driverlib/dl_rtc_common.c.obj
 .debug_aranges
                0x000009e0       0x18 CMakeFiles/empty.dir/Driver/ti/driverlib/dl_scratchpad.c.obj
 .debug_aranges
                0x000009f8       0xd0 CMakeFiles/empty.dir/Driver/ti/driverlib/dl_spi.c.obj
 .debug_aranges
                0x00000ac8       0x18 CMakeFiles/empty.dir/Driver/ti/driverlib/dl_tamperio.c.obj
 .debug_aranges
                0x00000ae0      0x1a0 CMakeFiles/empty.dir/Driver/ti/driverlib/dl_timer.c.obj
 .debug_aranges
                0x00000c80       0x18 CMakeFiles/empty.dir/Driver/ti/driverlib/dl_timera.c.obj
 .debug_aranges
                0x00000c98       0x18 CMakeFiles/empty.dir/Driver/ti/driverlib/dl_timerg.c.obj
 .debug_aranges
                0x00000cb0       0x28 CMakeFiles/empty.dir/Driver/ti/driverlib/dl_trng.c.obj
 .debug_aranges
                0x00000cd8       0xa0 CMakeFiles/empty.dir/Driver/ti/driverlib/dl_uart.c.obj
 .debug_aranges
                0x00000d78       0x30 CMakeFiles/empty.dir/Driver/ti/driverlib/dl_vref.c.obj
 .debug_aranges
                0x00000da8       0x18 CMakeFiles/empty.dir/Driver/ti/driverlib/dl_wwdt.c.obj
 .debug_aranges
                0x00000dc0       0x18 CMakeFiles/empty.dir/Driver/ti/driverlib/m0p/dl_factoryregion.c.obj
 .debug_aranges
                0x00000dd8       0x28 CMakeFiles/empty.dir/Driver/ti/driverlib/m0p/dl_interrupt.c.obj
 .debug_aranges
                0x00000e00       0x18 CMakeFiles/empty.dir/Driver/ti/driverlib/m0p/sysctl/dl_sysctl_mspm0c110x.c.obj
 .debug_aranges
                0x00000e18       0x78 CMakeFiles/empty.dir/Driver/ti/driverlib/m0p/sysctl/dl_sysctl_mspm0g1x0x_g3x0x.c.obj
 .debug_aranges
                0x00000e90       0x18 CMakeFiles/empty.dir/Driver/ti/driverlib/m0p/sysctl/dl_sysctl_mspm0gx51x.c.obj
 .debug_aranges
                0x00000ea8       0x18 CMakeFiles/empty.dir/Driver/ti/driverlib/m0p/sysctl/dl_sysctl_mspm0h321x.c.obj
 .debug_aranges
                0x00000ec0       0x18 CMakeFiles/empty.dir/Driver/ti/driverlib/m0p/sysctl/dl_sysctl_mspm0l111x.c.obj
 .debug_aranges
                0x00000ed8       0x18 CMakeFiles/empty.dir/Driver/ti/driverlib/m0p/sysctl/dl_sysctl_mspm0l11xx_l13xx.c.obj
 .debug_aranges
                0x00000ef0       0x18 CMakeFiles/empty.dir/Driver/ti/driverlib/m0p/sysctl/dl_sysctl_mspm0l122x_l222x.c.obj

.debug_rnglists
                0x00000000      0x9ca
 .debug_rnglists
                0x00000000       0x1f CMakeFiles/empty.dir/Core/main.c.obj
 .debug_rnglists
                0x0000001f       0x1f CMakeFiles/empty.dir/Core/startup_mspm0g350x_gcc.c.obj
 .debug_rnglists
                0x0000003e       0x2b CMakeFiles/empty.dir/Core/ti_msp_dl_config.c.obj
 .debug_rnglists
                0x00000069       0x19 CMakeFiles/empty.dir/Driver/ti/driverlib/dl_adc12.c.obj
 .debug_rnglists
                0x00000082       0x6d CMakeFiles/empty.dir/Driver/ti/driverlib/dl_aes.c.obj
 .debug_rnglists
                0x000000ef       0x13 CMakeFiles/empty.dir/Driver/ti/driverlib/dl_common.c.obj
 .debug_rnglists
                0x00000102       0x25 CMakeFiles/empty.dir/Driver/ti/driverlib/dl_crc.c.obj
 .debug_rnglists
                0x00000127       0x31 CMakeFiles/empty.dir/Driver/ti/driverlib/dl_dac12.c.obj
 .debug_rnglists
                0x00000158       0x13 CMakeFiles/empty.dir/Driver/ti/driverlib/dl_dma.c.obj
 .debug_rnglists
                0x0000016b      0x22b CMakeFiles/empty.dir/Driver/ti/driverlib/dl_flashctl.c.obj
 .debug_rnglists
                0x00000396       0x55 CMakeFiles/empty.dir/Driver/ti/driverlib/dl_i2c.c.obj
 .debug_rnglists
                0x000003eb       0x13 CMakeFiles/empty.dir/Driver/ti/driverlib/dl_mathacl.c.obj
 .debug_rnglists
                0x000003fe      0x23f CMakeFiles/empty.dir/Driver/ti/driverlib/dl_mcan.c.obj
 .debug_rnglists
                0x0000063d       0x19 CMakeFiles/empty.dir/Driver/ti/driverlib/dl_opa.c.obj
 .debug_rnglists
                0x00000656       0x4f CMakeFiles/empty.dir/Driver/ti/driverlib/dl_rtc_common.c.obj
 .debug_rnglists
                0x000006a5       0x97 CMakeFiles/empty.dir/Driver/ti/driverlib/dl_spi.c.obj
 .debug_rnglists
                0x0000073c      0x16e CMakeFiles/empty.dir/Driver/ti/driverlib/dl_timer.c.obj
 .debug_rnglists
                0x000008aa       0x19 CMakeFiles/empty.dir/Driver/ti/driverlib/dl_trng.c.obj
 .debug_rnglists
                0x000008c3       0x78 CMakeFiles/empty.dir/Driver/ti/driverlib/dl_uart.c.obj
 .debug_rnglists
                0x0000093b       0x1f CMakeFiles/empty.dir/Driver/ti/driverlib/dl_vref.c.obj
 .debug_rnglists
                0x0000095a       0x19 CMakeFiles/empty.dir/Driver/ti/driverlib/m0p/dl_interrupt.c.obj
 .debug_rnglists
                0x00000973       0x57 CMakeFiles/empty.dir/Driver/ti/driverlib/m0p/sysctl/dl_sysctl_mspm0g1x0x_g3x0x.c.obj

.debug_line     0x00000000    0x130e6
 .debug_line    0x00000000      0x491 CMakeFiles/empty.dir/Core/main.c.obj
 .debug_line    0x00000491      0x1cc CMakeFiles/empty.dir/Core/startup_mspm0g350x_gcc.c.obj
 .debug_line    0x0000065d      0x66a CMakeFiles/empty.dir/Core/ti_msp_dl_config.c.obj
 .debug_line    0x00000cc7      0x489 CMakeFiles/empty.dir/Driver/ti/driverlib/dl_adc12.c.obj
 .debug_line    0x00001150      0x77a CMakeFiles/empty.dir/Driver/ti/driverlib/dl_aes.c.obj
 .debug_line    0x000018ca      0x3b8 CMakeFiles/empty.dir/Driver/ti/driverlib/dl_aesadv.c.obj
 .debug_line    0x00001c82      0x3d5 CMakeFiles/empty.dir/Driver/ti/driverlib/dl_common.c.obj
 .debug_line    0x00002057      0x3b6 CMakeFiles/empty.dir/Driver/ti/driverlib/dl_comp.c.obj
 .debug_line    0x0000240d      0x5bc CMakeFiles/empty.dir/Driver/ti/driverlib/dl_crc.c.obj
 .debug_line    0x000029c9      0x3b6 CMakeFiles/empty.dir/Driver/ti/driverlib/dl_crcp.c.obj
 .debug_line    0x00002d7f      0x680 CMakeFiles/empty.dir/Driver/ti/driverlib/dl_dac12.c.obj
 .debug_line    0x000033ff      0x450 CMakeFiles/empty.dir/Driver/ti/driverlib/dl_dma.c.obj
 .debug_line    0x0000384f     0x1f7a CMakeFiles/empty.dir/Driver/ti/driverlib/dl_flashctl.c.obj
 .debug_line    0x000057c9      0x3b7 CMakeFiles/empty.dir/Driver/ti/driverlib/dl_gpamp.c.obj
 .debug_line    0x00005b80      0x3b6 CMakeFiles/empty.dir/Driver/ti/driverlib/dl_gpio.c.obj
 .debug_line    0x00005f36      0x81e CMakeFiles/empty.dir/Driver/ti/driverlib/dl_i2c.c.obj
 .debug_line    0x00006754      0x3b6 CMakeFiles/empty.dir/Driver/ti/driverlib/dl_iwdt.c.obj
 .debug_line    0x00006b0a      0x3bd CMakeFiles/empty.dir/Driver/ti/driverlib/dl_keystorectl.c.obj
 .debug_line    0x00006ec7      0x3b5 CMakeFiles/empty.dir/Driver/ti/driverlib/dl_lcd.c.obj
 .debug_line    0x0000727c      0x3b6 CMakeFiles/empty.dir/Driver/ti/driverlib/dl_lfss.c.obj
 .debug_line    0x00007632      0x42b CMakeFiles/empty.dir/Driver/ti/driverlib/dl_mathacl.c.obj
 .debug_line    0x00007a5d     0x30db CMakeFiles/empty.dir/Driver/ti/driverlib/dl_mcan.c.obj
 .debug_line    0x0000ab38      0x4ce CMakeFiles/empty.dir/Driver/ti/driverlib/dl_opa.c.obj
 .debug_line    0x0000b006      0x3b5 CMakeFiles/empty.dir/Driver/ti/driverlib/dl_rtc.c.obj
 .debug_line    0x0000b3bb      0x3b7 CMakeFiles/empty.dir/Driver/ti/driverlib/dl_rtc_a.c.obj
 .debug_line    0x0000b772      0x3b7 CMakeFiles/empty.dir/Driver/ti/driverlib/dl_rtc_b.c.obj
 .debug_line    0x0000bb29     0x1014 CMakeFiles/empty.dir/Driver/ti/driverlib/dl_rtc_common.c.obj
 .debug_line    0x0000cb3d      0x3bc CMakeFiles/empty.dir/Driver/ti/driverlib/dl_scratchpad.c.obj
 .debug_line    0x0000cef9      0xc38 CMakeFiles/empty.dir/Driver/ti/driverlib/dl_spi.c.obj
 .debug_line    0x0000db31      0x3ba CMakeFiles/empty.dir/Driver/ti/driverlib/dl_tamperio.c.obj
 .debug_line    0x0000deeb     0x1b23 CMakeFiles/empty.dir/Driver/ti/driverlib/dl_timer.c.obj
 .debug_line    0x0000fa0e      0x3b8 CMakeFiles/empty.dir/Driver/ti/driverlib/dl_timera.c.obj
 .debug_line    0x0000fdc6      0x3b8 CMakeFiles/empty.dir/Driver/ti/driverlib/dl_timerg.c.obj
 .debug_line    0x0001017e      0x4bd CMakeFiles/empty.dir/Driver/ti/driverlib/dl_trng.c.obj
 .debug_line    0x0001063b      0xc15 CMakeFiles/empty.dir/Driver/ti/driverlib/dl_uart.c.obj
 .debug_line    0x00011250      0x451 CMakeFiles/empty.dir/Driver/ti/driverlib/dl_vref.c.obj
 .debug_line    0x000116a1      0x3b6 CMakeFiles/empty.dir/Driver/ti/driverlib/dl_wwdt.c.obj
 .debug_line    0x00011a57      0x3c3 CMakeFiles/empty.dir/Driver/ti/driverlib/m0p/dl_factoryregion.c.obj
 .debug_line    0x00011e1a      0x49f CMakeFiles/empty.dir/Driver/ti/driverlib/m0p/dl_interrupt.c.obj
 .debug_line    0x000122b9       0x77 CMakeFiles/empty.dir/Driver/ti/driverlib/m0p/sysctl/dl_sysctl_mspm0c110x.c.obj
 .debug_line    0x00012330      0xb57 CMakeFiles/empty.dir/Driver/ti/driverlib/m0p/sysctl/dl_sysctl_mspm0g1x0x_g3x0x.c.obj
 .debug_line    0x00012e87       0x77 CMakeFiles/empty.dir/Driver/ti/driverlib/m0p/sysctl/dl_sysctl_mspm0gx51x.c.obj
 .debug_line    0x00012efe       0x77 CMakeFiles/empty.dir/Driver/ti/driverlib/m0p/sysctl/dl_sysctl_mspm0h321x.c.obj
 .debug_line    0x00012f75       0x77 CMakeFiles/empty.dir/Driver/ti/driverlib/m0p/sysctl/dl_sysctl_mspm0l111x.c.obj
 .debug_line    0x00012fec       0x7d CMakeFiles/empty.dir/Driver/ti/driverlib/m0p/sysctl/dl_sysctl_mspm0l11xx_l13xx.c.obj
 .debug_line    0x00013069       0x7d CMakeFiles/empty.dir/Driver/ti/driverlib/m0p/sysctl/dl_sysctl_mspm0l122x_l222x.c.obj

.debug_str      0x00000000     0xbcb2
 .debug_str     0x00000000     0xbcb2 CMakeFiles/empty.dir/Core/main.c.obj
                               0x1b0a (size before relaxing)
 .debug_str     0x0000bcb2      0x29d CMakeFiles/empty.dir/Core/startup_mspm0g350x_gcc.c.obj
 .debug_str     0x0000bcb2     0x26ce CMakeFiles/empty.dir/Core/ti_msp_dl_config.c.obj
 .debug_str     0x0000bcb2     0x1d9f CMakeFiles/empty.dir/Driver/ti/driverlib/dl_adc12.c.obj
 .debug_str     0x0000bcb2     0x1e41 CMakeFiles/empty.dir/Driver/ti/driverlib/dl_aes.c.obj
 .debug_str     0x0000bcb2     0x1aa1 CMakeFiles/empty.dir/Driver/ti/driverlib/dl_aesadv.c.obj
 .debug_str     0x0000bcb2     0x1aba CMakeFiles/empty.dir/Driver/ti/driverlib/dl_common.c.obj
 .debug_str     0x0000bcb2     0x1a93 CMakeFiles/empty.dir/Driver/ti/driverlib/dl_comp.c.obj
 .debug_str     0x0000bcb2     0x1bbf CMakeFiles/empty.dir/Driver/ti/driverlib/dl_crc.c.obj
 .debug_str     0x0000bcb2     0x1a93 CMakeFiles/empty.dir/Driver/ti/driverlib/dl_crcp.c.obj
 .debug_str     0x0000bcb2     0x21ed CMakeFiles/empty.dir/Driver/ti/driverlib/dl_dac12.c.obj
 .debug_str     0x0000bcb2     0x1e1a CMakeFiles/empty.dir/Driver/ti/driverlib/dl_dma.c.obj
 .debug_str     0x0000bcb2     0x2cd4 CMakeFiles/empty.dir/Driver/ti/driverlib/dl_flashctl.c.obj
 .debug_str     0x0000bcb2     0x1a94 CMakeFiles/empty.dir/Driver/ti/driverlib/dl_gpamp.c.obj
 .debug_str     0x0000bcb2     0x1a93 CMakeFiles/empty.dir/Driver/ti/driverlib/dl_gpio.c.obj
 .debug_str     0x0000bcb2     0x1f73 CMakeFiles/empty.dir/Driver/ti/driverlib/dl_i2c.c.obj
 .debug_str     0x0000bcb2     0x1a93 CMakeFiles/empty.dir/Driver/ti/driverlib/dl_iwdt.c.obj
 .debug_str     0x0000bcb2     0x1a9a CMakeFiles/empty.dir/Driver/ti/driverlib/dl_keystorectl.c.obj
 .debug_str     0x0000bcb2     0x1a92 CMakeFiles/empty.dir/Driver/ti/driverlib/dl_lcd.c.obj
 .debug_str     0x0000bcb2     0x1a93 CMakeFiles/empty.dir/Driver/ti/driverlib/dl_lfss.c.obj
 .debug_str     0x0000bcb2     0x1f5b CMakeFiles/empty.dir/Driver/ti/driverlib/dl_mathacl.c.obj
 .debug_str     0x0000bcb2     0x2f40 CMakeFiles/empty.dir/Driver/ti/driverlib/dl_mcan.c.obj
 .debug_str     0x0000bcb2     0x1b7e CMakeFiles/empty.dir/Driver/ti/driverlib/dl_opa.c.obj
 .debug_str     0x0000bcb2     0x1a92 CMakeFiles/empty.dir/Driver/ti/driverlib/dl_rtc.c.obj
 .debug_str     0x0000bcb2     0x1a94 CMakeFiles/empty.dir/Driver/ti/driverlib/dl_rtc_a.c.obj
 .debug_str     0x0000bcb2     0x1a94 CMakeFiles/empty.dir/Driver/ti/driverlib/dl_rtc_b.c.obj
 .debug_str     0x0000bcb2     0x2a4c CMakeFiles/empty.dir/Driver/ti/driverlib/dl_rtc_common.c.obj
 .debug_str     0x0000bcb2     0x1a99 CMakeFiles/empty.dir/Driver/ti/driverlib/dl_scratchpad.c.obj
 .debug_str     0x0000bcb2     0x23e4 CMakeFiles/empty.dir/Driver/ti/driverlib/dl_spi.c.obj
 .debug_str     0x0000bcb2     0x1a97 CMakeFiles/empty.dir/Driver/ti/driverlib/dl_tamperio.c.obj
 .debug_str     0x0000bcb2     0x345d CMakeFiles/empty.dir/Driver/ti/driverlib/dl_timer.c.obj
 .debug_str     0x0000bcb2     0x1a9b CMakeFiles/empty.dir/Driver/ti/driverlib/dl_timera.c.obj
 .debug_str     0x0000bcb2     0x1a9b CMakeFiles/empty.dir/Driver/ti/driverlib/dl_timerg.c.obj
 .debug_str     0x0000bcb2     0x1c59 CMakeFiles/empty.dir/Driver/ti/driverlib/dl_trng.c.obj
 .debug_str     0x0000bcb2     0x243c CMakeFiles/empty.dir/Driver/ti/driverlib/dl_uart.c.obj
 .debug_str     0x0000bcb2     0x1cf4 CMakeFiles/empty.dir/Driver/ti/driverlib/dl_vref.c.obj
 .debug_str     0x0000bcb2     0x1a93 CMakeFiles/empty.dir/Driver/ti/driverlib/dl_wwdt.c.obj
 .debug_str     0x0000bcb2     0x1aa0 CMakeFiles/empty.dir/Driver/ti/driverlib/m0p/dl_factoryregion.c.obj
 .debug_str     0x0000bcb2     0x1b4c CMakeFiles/empty.dir/Driver/ti/driverlib/m0p/dl_interrupt.c.obj
 .debug_str     0x0000bcb2      0x1b4 CMakeFiles/empty.dir/Driver/ti/driverlib/m0p/sysctl/dl_sysctl_mspm0c110x.c.obj
 .debug_str     0x0000bcb2     0x2651 CMakeFiles/empty.dir/Driver/ti/driverlib/m0p/sysctl/dl_sysctl_mspm0g1x0x_g3x0x.c.obj
 .debug_str     0x0000bcb2      0x1b4 CMakeFiles/empty.dir/Driver/ti/driverlib/m0p/sysctl/dl_sysctl_mspm0gx51x.c.obj
 .debug_str     0x0000bcb2      0x1b4 CMakeFiles/empty.dir/Driver/ti/driverlib/m0p/sysctl/dl_sysctl_mspm0h321x.c.obj
 .debug_str     0x0000bcb2      0x1b4 CMakeFiles/empty.dir/Driver/ti/driverlib/m0p/sysctl/dl_sysctl_mspm0l111x.c.obj
 .debug_str     0x0000bcb2      0x1ba CMakeFiles/empty.dir/Driver/ti/driverlib/m0p/sysctl/dl_sysctl_mspm0l11xx_l13xx.c.obj
 .debug_str     0x0000bcb2      0x1ba CMakeFiles/empty.dir/Driver/ti/driverlib/m0p/sysctl/dl_sysctl_mspm0l122x_l222x.c.obj

.comment        0x00000000       0x45
 .comment       0x00000000       0x45 CMakeFiles/empty.dir/Core/main.c.obj
                                 0x46 (size before relaxing)
 .comment       0x00000045       0x46 CMakeFiles/empty.dir/Core/startup_mspm0g350x_gcc.c.obj
 .comment       0x00000045       0x46 CMakeFiles/empty.dir/Core/ti_msp_dl_config.c.obj
 .comment       0x00000045       0x46 CMakeFiles/empty.dir/Driver/ti/driverlib/dl_adc12.c.obj
 .comment       0x00000045       0x46 CMakeFiles/empty.dir/Driver/ti/driverlib/dl_aes.c.obj
 .comment       0x00000045       0x46 CMakeFiles/empty.dir/Driver/ti/driverlib/dl_aesadv.c.obj
 .comment       0x00000045       0x46 CMakeFiles/empty.dir/Driver/ti/driverlib/dl_common.c.obj
 .comment       0x00000045       0x46 CMakeFiles/empty.dir/Driver/ti/driverlib/dl_comp.c.obj
 .comment       0x00000045       0x46 CMakeFiles/empty.dir/Driver/ti/driverlib/dl_crc.c.obj
 .comment       0x00000045       0x46 CMakeFiles/empty.dir/Driver/ti/driverlib/dl_crcp.c.obj
 .comment       0x00000045       0x46 CMakeFiles/empty.dir/Driver/ti/driverlib/dl_dac12.c.obj
 .comment       0x00000045       0x46 CMakeFiles/empty.dir/Driver/ti/driverlib/dl_dma.c.obj
 .comment       0x00000045       0x46 CMakeFiles/empty.dir/Driver/ti/driverlib/dl_flashctl.c.obj
 .comment       0x00000045       0x46 CMakeFiles/empty.dir/Driver/ti/driverlib/dl_gpamp.c.obj
 .comment       0x00000045       0x46 CMakeFiles/empty.dir/Driver/ti/driverlib/dl_gpio.c.obj
 .comment       0x00000045       0x46 CMakeFiles/empty.dir/Driver/ti/driverlib/dl_i2c.c.obj
 .comment       0x00000045       0x46 CMakeFiles/empty.dir/Driver/ti/driverlib/dl_iwdt.c.obj
 .comment       0x00000045       0x46 CMakeFiles/empty.dir/Driver/ti/driverlib/dl_keystorectl.c.obj
 .comment       0x00000045       0x46 CMakeFiles/empty.dir/Driver/ti/driverlib/dl_lcd.c.obj
 .comment       0x00000045       0x46 CMakeFiles/empty.dir/Driver/ti/driverlib/dl_lfss.c.obj
 .comment       0x00000045       0x46 CMakeFiles/empty.dir/Driver/ti/driverlib/dl_mathacl.c.obj
 .comment       0x00000045       0x46 CMakeFiles/empty.dir/Driver/ti/driverlib/dl_mcan.c.obj
 .comment       0x00000045       0x46 CMakeFiles/empty.dir/Driver/ti/driverlib/dl_opa.c.obj
 .comment       0x00000045       0x46 CMakeFiles/empty.dir/Driver/ti/driverlib/dl_rtc.c.obj
 .comment       0x00000045       0x46 CMakeFiles/empty.dir/Driver/ti/driverlib/dl_rtc_a.c.obj
 .comment       0x00000045       0x46 CMakeFiles/empty.dir/Driver/ti/driverlib/dl_rtc_b.c.obj
 .comment       0x00000045       0x46 CMakeFiles/empty.dir/Driver/ti/driverlib/dl_rtc_common.c.obj
 .comment       0x00000045       0x46 CMakeFiles/empty.dir/Driver/ti/driverlib/dl_scratchpad.c.obj
 .comment       0x00000045       0x46 CMakeFiles/empty.dir/Driver/ti/driverlib/dl_spi.c.obj
 .comment       0x00000045       0x46 CMakeFiles/empty.dir/Driver/ti/driverlib/dl_tamperio.c.obj
 .comment       0x00000045       0x46 CMakeFiles/empty.dir/Driver/ti/driverlib/dl_timer.c.obj
 .comment       0x00000045       0x46 CMakeFiles/empty.dir/Driver/ti/driverlib/dl_timera.c.obj
 .comment       0x00000045       0x46 CMakeFiles/empty.dir/Driver/ti/driverlib/dl_timerg.c.obj
 .comment       0x00000045       0x46 CMakeFiles/empty.dir/Driver/ti/driverlib/dl_trng.c.obj
 .comment       0x00000045       0x46 CMakeFiles/empty.dir/Driver/ti/driverlib/dl_uart.c.obj
 .comment       0x00000045       0x46 CMakeFiles/empty.dir/Driver/ti/driverlib/dl_vref.c.obj
 .comment       0x00000045       0x46 CMakeFiles/empty.dir/Driver/ti/driverlib/dl_wwdt.c.obj
 .comment       0x00000045       0x46 CMakeFiles/empty.dir/Driver/ti/driverlib/m0p/dl_factoryregion.c.obj
 .comment       0x00000045       0x46 CMakeFiles/empty.dir/Driver/ti/driverlib/m0p/dl_interrupt.c.obj
 .comment       0x00000045       0x46 CMakeFiles/empty.dir/Driver/ti/driverlib/m0p/sysctl/dl_sysctl_mspm0c110x.c.obj
 .comment       0x00000045       0x46 CMakeFiles/empty.dir/Driver/ti/driverlib/m0p/sysctl/dl_sysctl_mspm0g1x0x_g3x0x.c.obj
 .comment       0x00000045       0x46 CMakeFiles/empty.dir/Driver/ti/driverlib/m0p/sysctl/dl_sysctl_mspm0gx51x.c.obj
 .comment       0x00000045       0x46 CMakeFiles/empty.dir/Driver/ti/driverlib/m0p/sysctl/dl_sysctl_mspm0h321x.c.obj
 .comment       0x00000045       0x46 CMakeFiles/empty.dir/Driver/ti/driverlib/m0p/sysctl/dl_sysctl_mspm0l111x.c.obj
 .comment       0x00000045       0x46 CMakeFiles/empty.dir/Driver/ti/driverlib/m0p/sysctl/dl_sysctl_mspm0l11xx_l13xx.c.obj
 .comment       0x00000045       0x46 CMakeFiles/empty.dir/Driver/ti/driverlib/m0p/sysctl/dl_sysctl_mspm0l122x_l222x.c.obj

.ARM.attributes
                0x00000000       0x2c
 .ARM.attributes
                0x00000000       0x2c CMakeFiles/empty.dir/Core/main.c.obj
 .ARM.attributes
                0x0000002c       0x2c CMakeFiles/empty.dir/Core/startup_mspm0g350x_gcc.c.obj
 .ARM.attributes
                0x00000058       0x2c CMakeFiles/empty.dir/Core/ti_msp_dl_config.c.obj
 .ARM.attributes
                0x00000084       0x2c CMakeFiles/empty.dir/Driver/ti/driverlib/dl_adc12.c.obj
 .ARM.attributes
                0x000000b0       0x2c CMakeFiles/empty.dir/Driver/ti/driverlib/dl_aes.c.obj
 .ARM.attributes
                0x000000dc       0x2c CMakeFiles/empty.dir/Driver/ti/driverlib/dl_aesadv.c.obj
 .ARM.attributes
                0x00000108       0x2c CMakeFiles/empty.dir/Driver/ti/driverlib/dl_common.c.obj
 .ARM.attributes
                0x00000134       0x2c CMakeFiles/empty.dir/Driver/ti/driverlib/dl_comp.c.obj
 .ARM.attributes
                0x00000160       0x2c CMakeFiles/empty.dir/Driver/ti/driverlib/dl_crc.c.obj
 .ARM.attributes
                0x0000018c       0x2c CMakeFiles/empty.dir/Driver/ti/driverlib/dl_crcp.c.obj
 .ARM.attributes
                0x000001b8       0x2c CMakeFiles/empty.dir/Driver/ti/driverlib/dl_dac12.c.obj
 .ARM.attributes
                0x000001e4       0x2c CMakeFiles/empty.dir/Driver/ti/driverlib/dl_dma.c.obj
 .ARM.attributes
                0x00000210       0x2c CMakeFiles/empty.dir/Driver/ti/driverlib/dl_flashctl.c.obj
 .ARM.attributes
                0x0000023c       0x2c CMakeFiles/empty.dir/Driver/ti/driverlib/dl_gpamp.c.obj
 .ARM.attributes
                0x00000268       0x2c CMakeFiles/empty.dir/Driver/ti/driverlib/dl_gpio.c.obj
 .ARM.attributes
                0x00000294       0x2c CMakeFiles/empty.dir/Driver/ti/driverlib/dl_i2c.c.obj
 .ARM.attributes
                0x000002c0       0x2c CMakeFiles/empty.dir/Driver/ti/driverlib/dl_iwdt.c.obj
 .ARM.attributes
                0x000002ec       0x2c CMakeFiles/empty.dir/Driver/ti/driverlib/dl_keystorectl.c.obj
 .ARM.attributes
                0x00000318       0x2c CMakeFiles/empty.dir/Driver/ti/driverlib/dl_lcd.c.obj
 .ARM.attributes
                0x00000344       0x2c CMakeFiles/empty.dir/Driver/ti/driverlib/dl_lfss.c.obj
 .ARM.attributes
                0x00000370       0x2c CMakeFiles/empty.dir/Driver/ti/driverlib/dl_mathacl.c.obj
 .ARM.attributes
                0x0000039c       0x2c CMakeFiles/empty.dir/Driver/ti/driverlib/dl_mcan.c.obj
 .ARM.attributes
                0x000003c8       0x2c CMakeFiles/empty.dir/Driver/ti/driverlib/dl_opa.c.obj
 .ARM.attributes
                0x000003f4       0x2c CMakeFiles/empty.dir/Driver/ti/driverlib/dl_rtc.c.obj
 .ARM.attributes
                0x00000420       0x2c CMakeFiles/empty.dir/Driver/ti/driverlib/dl_rtc_a.c.obj
 .ARM.attributes
                0x0000044c       0x2c CMakeFiles/empty.dir/Driver/ti/driverlib/dl_rtc_b.c.obj
 .ARM.attributes
                0x00000478       0x2c CMakeFiles/empty.dir/Driver/ti/driverlib/dl_rtc_common.c.obj
 .ARM.attributes
                0x000004a4       0x2c CMakeFiles/empty.dir/Driver/ti/driverlib/dl_scratchpad.c.obj
 .ARM.attributes
                0x000004d0       0x2c CMakeFiles/empty.dir/Driver/ti/driverlib/dl_spi.c.obj
 .ARM.attributes
                0x000004fc       0x2c CMakeFiles/empty.dir/Driver/ti/driverlib/dl_tamperio.c.obj
 .ARM.attributes
                0x00000528       0x2c CMakeFiles/empty.dir/Driver/ti/driverlib/dl_timer.c.obj
 .ARM.attributes
                0x00000554       0x2c CMakeFiles/empty.dir/Driver/ti/driverlib/dl_timera.c.obj
 .ARM.attributes
                0x00000580       0x2c CMakeFiles/empty.dir/Driver/ti/driverlib/dl_timerg.c.obj
 .ARM.attributes
                0x000005ac       0x2c CMakeFiles/empty.dir/Driver/ti/driverlib/dl_trng.c.obj
 .ARM.attributes
                0x000005d8       0x2c CMakeFiles/empty.dir/Driver/ti/driverlib/dl_uart.c.obj
 .ARM.attributes
                0x00000604       0x2c CMakeFiles/empty.dir/Driver/ti/driverlib/dl_vref.c.obj
 .ARM.attributes
                0x00000630       0x2c CMakeFiles/empty.dir/Driver/ti/driverlib/dl_wwdt.c.obj
 .ARM.attributes
                0x0000065c       0x2c CMakeFiles/empty.dir/Driver/ti/driverlib/m0p/dl_factoryregion.c.obj
 .ARM.attributes
                0x00000688       0x2c CMakeFiles/empty.dir/Driver/ti/driverlib/m0p/dl_interrupt.c.obj
 .ARM.attributes
                0x000006b4       0x2c CMakeFiles/empty.dir/Driver/ti/driverlib/m0p/sysctl/dl_sysctl_mspm0c110x.c.obj
 .ARM.attributes
                0x000006e0       0x2c CMakeFiles/empty.dir/Driver/ti/driverlib/m0p/sysctl/dl_sysctl_mspm0g1x0x_g3x0x.c.obj
 .ARM.attributes
                0x0000070c       0x2c CMakeFiles/empty.dir/Driver/ti/driverlib/m0p/sysctl/dl_sysctl_mspm0gx51x.c.obj
 .ARM.attributes
                0x00000738       0x2c CMakeFiles/empty.dir/Driver/ti/driverlib/m0p/sysctl/dl_sysctl_mspm0h321x.c.obj
 .ARM.attributes
                0x00000764       0x2c CMakeFiles/empty.dir/Driver/ti/driverlib/m0p/sysctl/dl_sysctl_mspm0l111x.c.obj
 .ARM.attributes
                0x00000790       0x2c CMakeFiles/empty.dir/Driver/ti/driverlib/m0p/sysctl/dl_sysctl_mspm0l11xx_l13xx.c.obj
 .ARM.attributes
                0x000007bc       0x2c CMakeFiles/empty.dir/Driver/ti/driverlib/m0p/sysctl/dl_sysctl_mspm0l122x_l222x.c.obj
 .ARM.attributes
                0x000007e8       0x1e C:/Users/zhzhongshi/scoop/apps/gcc-arm-none-eabi/current/bin/../lib/gcc/arm-none-eabi/14.2.1/thumb/v6-m/nofp\libgcc.a(_udivsi3.o)
 .ARM.attributes
                0x00000806       0x1e C:/Users/zhzhongshi/scoop/apps/gcc-arm-none-eabi/current/bin/../lib/gcc/arm-none-eabi/14.2.1/thumb/v6-m/nofp\libgcc.a(_dvmd_tls.o)
 .ARM.attributes
                0x00000824       0x2c C:/Users/zhzhongshi/scoop/apps/gcc-arm-none-eabi/current/bin/../lib/gcc/arm-none-eabi/14.2.1/thumb/v6-m/nofp\libg_nano.a(libc_a-init.o)
 .ARM.attributes
                0x00000850       0x2c C:/Users/zhzhongshi/scoop/apps/gcc-arm-none-eabi/current/bin/../lib/gcc/arm-none-eabi/14.2.1/thumb/v6-m/nofp\libg_nano.a(libc_a-memcpy-stub.o)

.debug_frame    0x00000000     0x1ff0
 .debug_frame   0x00000000       0x4c CMakeFiles/empty.dir/Core/main.c.obj
 .debug_frame   0x0000004c       0x48 CMakeFiles/empty.dir/Core/startup_mspm0g350x_gcc.c.obj
 .debug_frame   0x00000094       0x70 CMakeFiles/empty.dir/Core/ti_msp_dl_config.c.obj
 .debug_frame   0x00000104       0x44 CMakeFiles/empty.dir/Driver/ti/driverlib/dl_adc12.c.obj
 .debug_frame   0x00000148      0x188 CMakeFiles/empty.dir/Driver/ti/driverlib/dl_aes.c.obj
 .debug_frame   0x000002d0       0x20 CMakeFiles/empty.dir/Driver/ti/driverlib/dl_common.c.obj
 .debug_frame   0x000002f0       0x7c CMakeFiles/empty.dir/Driver/ti/driverlib/dl_crc.c.obj
 .debug_frame   0x0000036c       0x94 CMakeFiles/empty.dir/Driver/ti/driverlib/dl_dac12.c.obj
 .debug_frame   0x00000400       0x34 CMakeFiles/empty.dir/Driver/ti/driverlib/dl_dma.c.obj
 .debug_frame   0x00000434      0x8e4 CMakeFiles/empty.dir/Driver/ti/driverlib/dl_flashctl.c.obj
 .debug_frame   0x00000d18       0xf4 CMakeFiles/empty.dir/Driver/ti/driverlib/dl_i2c.c.obj
 .debug_frame   0x00000e0c       0x2c CMakeFiles/empty.dir/Driver/ti/driverlib/dl_mathacl.c.obj
 .debug_frame   0x00000e38      0x6e8 CMakeFiles/empty.dir/Driver/ti/driverlib/dl_mcan.c.obj
 .debug_frame   0x00001520       0x40 CMakeFiles/empty.dir/Driver/ti/driverlib/dl_opa.c.obj
 .debug_frame   0x00001560       0xfc CMakeFiles/empty.dir/Driver/ti/driverlib/dl_rtc_common.c.obj
 .debug_frame   0x0000165c      0x1dc CMakeFiles/empty.dir/Driver/ti/driverlib/dl_spi.c.obj
 .debug_frame   0x00001838      0x3fc CMakeFiles/empty.dir/Driver/ti/driverlib/dl_timer.c.obj
 .debug_frame   0x00001c34       0x3c CMakeFiles/empty.dir/Driver/ti/driverlib/dl_trng.c.obj
 .debug_frame   0x00001c70      0x180 CMakeFiles/empty.dir/Driver/ti/driverlib/dl_uart.c.obj
 .debug_frame   0x00001df0       0x40 CMakeFiles/empty.dir/Driver/ti/driverlib/dl_vref.c.obj
 .debug_frame   0x00001e30       0x40 CMakeFiles/empty.dir/Driver/ti/driverlib/m0p/dl_interrupt.c.obj
 .debug_frame   0x00001e70      0x10c CMakeFiles/empty.dir/Driver/ti/driverlib/m0p/sysctl/dl_sysctl_mspm0g1x0x_g3x0x.c.obj
 .debug_frame   0x00001f7c       0x20 C:/Users/zhzhongshi/scoop/apps/gcc-arm-none-eabi/current/bin/../lib/gcc/arm-none-eabi/14.2.1/thumb/v6-m/nofp\libgcc.a(_udivsi3.o)
 .debug_frame   0x00001f9c       0x2c C:/Users/zhzhongshi/scoop/apps/gcc-arm-none-eabi/current/bin/../lib/gcc/arm-none-eabi/14.2.1/thumb/v6-m/nofp\libg_nano.a(libc_a-init.o)
 .debug_frame   0x00001fc8       0x28 C:/Users/zhzhongshi/scoop/apps/gcc-arm-none-eabi/current/bin/../lib/gcc/arm-none-eabi/14.2.1/thumb/v6-m/nofp\libg_nano.a(libc_a-memcpy-stub.o)

.debug_line_str
                0x00000000       0xc9
 .debug_line_str
                0x00000000       0xc9 C:/Users/zhzhongshi/scoop/apps/gcc-arm-none-eabi/current/bin/../lib/gcc/arm-none-eabi/14.2.1/thumb/v6-m/nofp\libgcc.a(_udivsi3.o)
 .debug_line_str
                0x000000c9       0xc9 C:/Users/zhzhongshi/scoop/apps/gcc-arm-none-eabi/current/bin/../lib/gcc/arm-none-eabi/14.2.1/thumb/v6-m/nofp\libgcc.a(_dvmd_tls.o)
