C:/project/TI/Example/Timer/MSPM0G3507/Core/ti_msp_dl_config.c:59:21:SYSCFG_DL_initPower	8	static
C:/project/TI/Example/Timer/MSPM0G3507/Core/ti_msp_dl_config.c:73:21:SYSCFG_DL_GPIO_init	0	static
C:/project/TI/Example/Timer/MSPM0G3507/Core/ti_msp_dl_config.c:91:21:SYSCFG_DL_SYSCTL_init	0	static
C:/project/TI/Example/Timer/MSPM0G3507/Core/ti_msp_dl_config.c:126:21:SYSCFG_DL_TIMER_0_init	8	static
C:/project/TI/Example/Timer/MSPM0G3507/Core/ti_msp_dl_config.c:143:21:SYSCFG_DL_SYSTICK_init	0	static
C:/project/TI/Example/Timer/MSPM0G3507/Core/ti_msp_dl_config.c:47:21:SYSCFG_DL_init	8	static
