C:/project/TI/Example/UART/MSPM0G3507/Driver/ti/driverlib/dl_mcan.c:1626:13:DL_MCAN_writeProtectedRegAccessUnlock	0	static
C:/project/TI/Example/UART/MSPM0G3507/Driver/ti/driverlib/dl_mcan.c:1631:13:DL_MCAN_writeProtectedRegAccessLock	0	static
C:/project/TI/Example/UART/MSPM0G3507/Driver/ti/driverlib/dl_mcan.c:1636:13:DL_MCAN_eccLoadRegister	0	static
C:/project/TI/Example/UART/MSPM0G3507/Driver/ti/driverlib/dl_mcan.c:1753:17:DL_MCAN_getDataSize	80	static
C:/project/TI/Example/UART/MSPM0G3507/Driver/ti/driverlib/dl_mcan.c:1654:13:DL_MCAN_readMsg	32	static
C:/project/TI/Example/UART/MSPM0G3507/Driver/ti/driverlib/dl_mcan.c:1706:13:DL_MCAN_writeMsg	24	static
C:/project/TI/Example/UART/MSPM0G3507/Driver/ti/driverlib/dl_mcan.c:1760:17:DL_MCAN_getMsgObjSize	48	static
C:/project/TI/Example/UART/MSPM0G3507/Driver/ti/driverlib/dl_mcan.c:348:6:DL_MCAN_isReady	0	static
C:/project/TI/Example/UART/MSPM0G3507/Driver/ti/driverlib/dl_mcan.c:354:6:DL_MCAN_setClockConfig	12	static
C:/project/TI/Example/UART/MSPM0G3507/Driver/ti/driverlib/dl_mcan.c:362:6:DL_MCAN_getClockConfig	0	static
C:/project/TI/Example/UART/MSPM0G3507/Driver/ti/driverlib/dl_mcan.c:370:6:DL_MCAN_isInReset	0	static
C:/project/TI/Example/UART/MSPM0G3507/Driver/ti/driverlib/dl_mcan.c:385:6:DL_MCAN_isFDOpEnable	0	static
C:/project/TI/Example/UART/MSPM0G3507/Driver/ti/driverlib/dl_mcan.c:401:6:DL_MCAN_isMemInitDone	0	static
C:/project/TI/Example/UART/MSPM0G3507/Driver/ti/driverlib/dl_mcan.c:417:6:DL_MCAN_setOpMode	8	static
C:/project/TI/Example/UART/MSPM0G3507/Driver/ti/driverlib/dl_mcan.c:422:10:DL_MCAN_getOpMode	0	static
C:/project/TI/Example/UART/MSPM0G3507/Driver/ti/driverlib/dl_mcan.c:427:9:DL_MCAN_init	16	static
C:/project/TI/Example/UART/MSPM0G3507/Driver/ti/driverlib/dl_mcan.c:481:9:DL_MCAN_config	16	static
C:/project/TI/Example/UART/MSPM0G3507/Driver/ti/driverlib/dl_mcan.c:528:6:DL_MCAN_eccConfig	24	static
C:/project/TI/Example/UART/MSPM0G3507/Driver/ti/driverlib/dl_mcan.c:550:9:DL_MCAN_setBitTime	16	static
C:/project/TI/Example/UART/MSPM0G3507/Driver/ti/driverlib/dl_mcan.c:596:9:DL_MCAN_msgRAMConfig	16	static
C:/project/TI/Example/UART/MSPM0G3507/Driver/ti/driverlib/dl_mcan.c:686:9:DL_MCAN_setExtIDAndMask	16	static
C:/project/TI/Example/UART/MSPM0G3507/Driver/ti/driverlib/dl_mcan.c:703:6:DL_MCAN_writeMsgRam	24	static
C:/project/TI/Example/UART/MSPM0G3507/Driver/ti/driverlib/dl_mcan.c:731:9:DL_MCAN_TXBufAddReq	16	static
C:/project/TI/Example/UART/MSPM0G3507/Driver/ti/driverlib/dl_mcan.c:755:6:DL_MCAN_getNewDataStatus	0	static
C:/project/TI/Example/UART/MSPM0G3507/Driver/ti/driverlib/dl_mcan.c:762:6:DL_MCAN_clearNewDataStatus	0	static
C:/project/TI/Example/UART/MSPM0G3507/Driver/ti/driverlib/dl_mcan.c:769:6:DL_MCAN_readMsgRam	16	static
C:/project/TI/Example/UART/MSPM0G3507/Driver/ti/driverlib/dl_mcan.c:818:6:DL_MCAN_readTxEventFIFO	12	static
C:/project/TI/Example/UART/MSPM0G3507/Driver/ti/driverlib/dl_mcan.c:870:6:DL_MCAN_addStdMsgIDFilter	8	static
C:/project/TI/Example/UART/MSPM0G3507/Driver/ti/driverlib/dl_mcan.c:888:6:DL_MCAN_addExtMsgIDFilter	8	static
C:/project/TI/Example/UART/MSPM0G3507/Driver/ti/driverlib/dl_mcan.c:910:6:DL_MCAN_lpbkModeEnable	16	static
C:/project/TI/Example/UART/MSPM0G3507/Driver/ti/driverlib/dl_mcan.c:930:6:DL_MCAN_getErrCounters	8	static
C:/project/TI/Example/UART/MSPM0G3507/Driver/ti/driverlib/dl_mcan.c:943:6:DL_MCAN_getProtocolStatus	8	static
C:/project/TI/Example/UART/MSPM0G3507/Driver/ti/driverlib/dl_mcan.c:962:6:DL_MCAN_enableIntr	0	static
C:/project/TI/Example/UART/MSPM0G3507/Driver/ti/driverlib/dl_mcan.c:977:6:DL_MCAN_selectIntrLine	0	static
C:/project/TI/Example/UART/MSPM0G3507/Driver/ti/driverlib/dl_mcan.c:993:10:DL_MCAN_getIntrLineSelectStatus	0	static
C:/project/TI/Example/UART/MSPM0G3507/Driver/ti/driverlib/dl_mcan.c:998:6:DL_MCAN_enableIntrLine	12	static
C:/project/TI/Example/UART/MSPM0G3507/Driver/ti/driverlib/dl_mcan.c:1009:10:DL_MCAN_getIntrStatus	0	static
C:/project/TI/Example/UART/MSPM0G3507/Driver/ti/driverlib/dl_mcan.c:1014:6:DL_MCAN_clearIntrStatus	0	static
C:/project/TI/Example/UART/MSPM0G3507/Driver/ti/driverlib/dl_mcan.c:1022:6:DL_MCAN_getHighPriorityMsgStatus	8	static
C:/project/TI/Example/UART/MSPM0G3507/Driver/ti/driverlib/dl_mcan.c:1033:6:DL_MCAN_getRxFIFOStatus	0	static
C:/project/TI/Example/UART/MSPM0G3507/Driver/ti/driverlib/dl_mcan.c:1061:9:DL_MCAN_writeRxFIFOAck	8	static
C:/project/TI/Example/UART/MSPM0G3507/Driver/ti/driverlib/dl_mcan.c:1097:6:DL_MCAN_getTxFIFOQueStatus	0	static
C:/project/TI/Example/UART/MSPM0G3507/Driver/ti/driverlib/dl_mcan.c:1109:10:DL_MCAN_getTxBufReqPend	0	static
C:/project/TI/Example/UART/MSPM0G3507/Driver/ti/driverlib/dl_mcan.c:1114:9:DL_MCAN_txBufCancellationReq	16	static
C:/project/TI/Example/UART/MSPM0G3507/Driver/ti/driverlib/dl_mcan.c:1138:10:DL_MCAN_getTxBufTransmissionStatus	0	static
C:/project/TI/Example/UART/MSPM0G3507/Driver/ti/driverlib/dl_mcan.c:1143:10:DL_MCAN_txBufCancellationStatus	0	static
C:/project/TI/Example/UART/MSPM0G3507/Driver/ti/driverlib/dl_mcan.c:1148:9:DL_MCAN_TXBufTransIntrEnable	8	static
C:/project/TI/Example/UART/MSPM0G3507/Driver/ti/driverlib/dl_mcan.c:1171:9:DL_MCAN_getTxBufCancellationIntrEnable	8	static
C:/project/TI/Example/UART/MSPM0G3507/Driver/ti/driverlib/dl_mcan.c:1194:6:DL_MCAN_getTxEventFIFOStatus	0	static
C:/project/TI/Example/UART/MSPM0G3507/Driver/ti/driverlib/dl_mcan.c:1207:6:DL_MCAN_addClockStopRequest	0	static
C:/project/TI/Example/UART/MSPM0G3507/Driver/ti/driverlib/dl_mcan.c:1216:9:DL_MCAN_writeTxEventFIFOAck	8	static
C:/project/TI/Example/UART/MSPM0G3507/Driver/ti/driverlib/dl_mcan.c:1233:6:DL_MCAN_eccForceError	16	static
C:/project/TI/Example/UART/MSPM0G3507/Driver/ti/driverlib/dl_mcan.c:1285:6:DL_MCAN_eccGetErrorStatus	16	static
C:/project/TI/Example/UART/MSPM0G3507/Driver/ti/driverlib/dl_mcan.c:1305:6:DL_MCAN_eccClearErrorStatus	16	static
C:/project/TI/Example/UART/MSPM0G3507/Driver/ti/driverlib/dl_mcan.c:1330:6:DL_MCAN_eccWriteEOI	0	static
C:/project/TI/Example/UART/MSPM0G3507/Driver/ti/driverlib/dl_mcan.c:1349:6:DL_MCAN_eccEnableIntr	0	static
C:/project/TI/Example/UART/MSPM0G3507/Driver/ti/driverlib/dl_mcan.c:1386:10:DL_MCAN_eccGetIntrStatus	0	static
C:/project/TI/Example/UART/MSPM0G3507/Driver/ti/driverlib/dl_mcan.c:1408:6:DL_MCAN_eccClearIntrStatus	0	static
C:/project/TI/Example/UART/MSPM0G3507/Driver/ti/driverlib/dl_mcan.c:1426:6:DL_MCAN_extTSCounterConfig	0	static
C:/project/TI/Example/UART/MSPM0G3507/Driver/ti/driverlib/dl_mcan.c:1433:6:DL_MCAN_extTSCounterEnable	8	static
C:/project/TI/Example/UART/MSPM0G3507/Driver/ti/driverlib/dl_mcan.c:1439:6:DL_MCAN_extTSEnableIntr	0	static
C:/project/TI/Example/UART/MSPM0G3507/Driver/ti/driverlib/dl_mcan.c:1452:6:DL_MCAN_extTSWriteEOI	8	static
C:/project/TI/Example/UART/MSPM0G3507/Driver/ti/driverlib/dl_mcan.c:1458:10:DL_MCAN_extTSGetUnservicedIntrCount	0	static
C:/project/TI/Example/UART/MSPM0G3507/Driver/ti/driverlib/dl_mcan.c:1469:6:DL_MCAN_getRevisionId	8	static
C:/project/TI/Example/UART/MSPM0G3507/Driver/ti/driverlib/dl_mcan.c:1489:10:DL_MCAN_getClockStopAck	0	static
C:/project/TI/Example/UART/MSPM0G3507/Driver/ti/driverlib/dl_mcan.c:1494:6:DL_MCAN_extTSSetRawStatus	0	static
C:/project/TI/Example/UART/MSPM0G3507/Driver/ti/driverlib/dl_mcan.c:1500:6:DL_MCAN_extTSClearRawStatus	0	static
C:/project/TI/Example/UART/MSPM0G3507/Driver/ti/driverlib/dl_mcan.c:1506:10:DL_MCAN_getRxPinState	0	static
C:/project/TI/Example/UART/MSPM0G3507/Driver/ti/driverlib/dl_mcan.c:1511:6:DL_MCAN_setTxPinState	16	static
C:/project/TI/Example/UART/MSPM0G3507/Driver/ti/driverlib/dl_mcan.c:1521:10:DL_MCAN_getTxPinState	0	static
C:/project/TI/Example/UART/MSPM0G3507/Driver/ti/driverlib/dl_mcan.c:1526:10:DL_MCAN_getTSCounterVal	0	static
C:/project/TI/Example/UART/MSPM0G3507/Driver/ti/driverlib/dl_mcan.c:1531:10:DL_MCAN_getClkStopAck	0	static
C:/project/TI/Example/UART/MSPM0G3507/Driver/ti/driverlib/dl_mcan.c:1536:6:DL_MCAN_getBitTime	8	static
C:/project/TI/Example/UART/MSPM0G3507/Driver/ti/driverlib/dl_mcan.c:1558:6:DL_MCAN_resetTSCounter	0	static
C:/project/TI/Example/UART/MSPM0G3507/Driver/ti/driverlib/dl_mcan.c:1563:10:DL_MCAN_getTOCounterVal	0	static
C:/project/TI/Example/UART/MSPM0G3507/Driver/ti/driverlib/dl_mcan.c:1568:6:DL_MCAN_eccAggrGetRevisionId	0	static
C:/project/TI/Example/UART/MSPM0G3507/Driver/ti/driverlib/dl_mcan.c:1581:6:DL_MCAN_eccWrapGetRevisionId	16	static
C:/project/TI/Example/UART/MSPM0G3507/Driver/ti/driverlib/dl_mcan.c:1597:6:DL_MCAN_extTSIsIntrEnable	0	static
C:/project/TI/Example/UART/MSPM0G3507/Driver/ti/driverlib/dl_mcan.c:1612:10:DL_MCAN_getEndianVal	0	static
C:/project/TI/Example/UART/MSPM0G3507/Driver/ti/driverlib/dl_mcan.c:1617:10:DL_MCAN_getExtIDANDMask	0	static
C:/project/TI/Example/UART/MSPM0G3507/Driver/ti/driverlib/dl_mcan.c:1795:6:DL_MCAN_saveConfiguration	8	static
C:/project/TI/Example/UART/MSPM0G3507/Driver/ti/driverlib/dl_mcan.c:1854:6:DL_MCAN_restoreConfiguration	20	static
