C:/project/TI/LED_BLINK/MSPM0G3507/Driver/ti/driverlib/dl_timer.c:1261:13:DL_Timer_getInChanConfig	0	static
C:/project/TI/LED_BLINK/MSPM0G3507/Driver/ti/driverlib/dl_timer.c:1307:13:DL_Timer_getInChanPairConfig	0	static
C:/project/TI/LED_BLINK/MSPM0G3507/Driver/ti/driverlib/dl_timer.c:54:6:DL_Timer_setClockConfig	0	static
C:/project/TI/LED_BLINK/MSPM0G3507/Driver/ti/driverlib/dl_timer.c:64:6:DL_Timer_getClockConfig	0	static
C:/project/TI/LED_BLINK/MSPM0G3507/Driver/ti/driverlib/dl_timer.c:498:6:DL_Timer_setCaptureCompareValue	0	static
C:/project/TI/LED_BLINK/MSPM0G3507/Driver/ti/driverlib/dl_timer.c:509:10:DL_Timer_getCaptureCompareValue	0	static
C:/project/TI/LED_BLINK/MSPM0G3507/Driver/ti/driverlib/dl_timer.c:520:6:DL_Timer_setCaptureCompareCtl	8	static
C:/project/TI/LED_BLINK/MSPM0G3507/Driver/ti/driverlib/dl_timer.c:74:6:DL_Timer_initTimerMode	16	static
C:/project/TI/LED_BLINK/MSPM0G3507/Driver/ti/driverlib/dl_timer.c:534:10:DL_Timer_getCaptureCompareCtl	0	static
C:/project/TI/LED_BLINK/MSPM0G3507/Driver/ti/driverlib/dl_timer.c:548:6:DL_Timer_setSecondCompSrcDn	0	static
C:/project/TI/LED_BLINK/MSPM0G3507/Driver/ti/driverlib/dl_timer.c:560:28:DL_Timer_getSecondCompSrcDn	0	static
C:/project/TI/LED_BLINK/MSPM0G3507/Driver/ti/driverlib/dl_timer.c:572:6:DL_Timer_setSecondCompSrcUp	0	static
C:/project/TI/LED_BLINK/MSPM0G3507/Driver/ti/driverlib/dl_timer.c:584:26:DL_Timer_getSecondCompSrcUp	0	static
C:/project/TI/LED_BLINK/MSPM0G3507/Driver/ti/driverlib/dl_timer.c:597:6:DL_Timer_setSecondCompActionDn	0	static
C:/project/TI/LED_BLINK/MSPM0G3507/Driver/ti/driverlib/dl_timer.c:609:32:DL_Timer_getSecondCompActionDn	0	static
C:/project/TI/LED_BLINK/MSPM0G3507/Driver/ti/driverlib/dl_timer.c:622:6:DL_Timer_setSecondCompActionUp	0	static
C:/project/TI/LED_BLINK/MSPM0G3507/Driver/ti/driverlib/dl_timer.c:634:30:DL_Timer_getSecondCompActionUp	0	static
C:/project/TI/LED_BLINK/MSPM0G3507/Driver/ti/driverlib/dl_timer.c:647:6:DL_Timer_enableSuppressionOfCompEvent	0	static
C:/project/TI/LED_BLINK/MSPM0G3507/Driver/ti/driverlib/dl_timer.c:658:6:DL_Timer_disableSuppressionOfCompEvent	0	static
C:/project/TI/LED_BLINK/MSPM0G3507/Driver/ti/driverlib/dl_timer.c:669:6:DL_Timer_setCaptCompUpdateMethod	0	static
C:/project/TI/LED_BLINK/MSPM0G3507/Driver/ti/driverlib/dl_timer.c:681:27:DL_Timer_getCaptCompUpdateMethod	0	static
C:/project/TI/LED_BLINK/MSPM0G3507/Driver/ti/driverlib/dl_timer.c:694:6:DL_Timer_setCaptCompActUpdateMethod	0	static
C:/project/TI/LED_BLINK/MSPM0G3507/Driver/ti/driverlib/dl_timer.c:706:30:DL_Timer_getCaptCompActUpdateMethod	0	static
C:/project/TI/LED_BLINK/MSPM0G3507/Driver/ti/driverlib/dl_timer.c:719:6:DL_Timer_setCaptureCompareOutCtl	12	static
C:/project/TI/LED_BLINK/MSPM0G3507/Driver/ti/driverlib/dl_timer.c:730:10:DL_Timer_getCaptureCompareOutCtl	0	static
C:/project/TI/LED_BLINK/MSPM0G3507/Driver/ti/driverlib/dl_timer.c:741:6:DL_Timer_setCaptureCompareAction	0	static
C:/project/TI/LED_BLINK/MSPM0G3507/Driver/ti/driverlib/dl_timer.c:757:10:DL_Timer_getCaptureCompareAction	0	static
C:/project/TI/LED_BLINK/MSPM0G3507/Driver/ti/driverlib/dl_timer.c:774:6:DL_Timer_overrideCCPOut	8	static
C:/project/TI/LED_BLINK/MSPM0G3507/Driver/ti/driverlib/dl_timer.c:787:6:DL_Timer_setCaptureCompareInput	8	static
C:/project/TI/LED_BLINK/MSPM0G3507/Driver/ti/driverlib/dl_timer.c:109:6:DL_Timer_initCaptureMode	32	static
C:/project/TI/LED_BLINK/MSPM0G3507/Driver/ti/driverlib/dl_timer.c:204:6:DL_Timer_initCaptureTriggerMode	16	static
C:/project/TI/LED_BLINK/MSPM0G3507/Driver/ti/driverlib/dl_timer.c:267:6:DL_Timer_initCaptureCombinedMode	48	static
C:/project/TI/LED_BLINK/MSPM0G3507/Driver/ti/driverlib/dl_timer.c:318:6:DL_Timer_initCompareMode	32	static
C:/project/TI/LED_BLINK/MSPM0G3507/Driver/ti/driverlib/dl_timer.c:375:6:DL_Timer_initCompareTriggerMode	16	static
C:/project/TI/LED_BLINK/MSPM0G3507/Driver/ti/driverlib/dl_timer.c:434:13:DL_Timer_initTwoCCPWMMode	24	static
C:/project/TI/LED_BLINK/MSPM0G3507/Driver/ti/driverlib/dl_timer.c:799:10:DL_Timer_getCaptureCompareInput	0	static
C:/project/TI/LED_BLINK/MSPM0G3507/Driver/ti/driverlib/dl_timer.c:810:6:DL_Timer_setCaptureCompareInputFilter	8	static
C:/project/TI/LED_BLINK/MSPM0G3507/Driver/ti/driverlib/dl_timer.c:822:10:DL_Timer_getCaptureCompareInputFilter	0	static
C:/project/TI/LED_BLINK/MSPM0G3507/Driver/ti/driverlib/dl_timer.c:833:6:DL_Timer_enableCaptureCompareInputFilter	0	static
C:/project/TI/LED_BLINK/MSPM0G3507/Driver/ti/driverlib/dl_timer.c:844:6:DL_Timer_disableCaptureCompareInputFilter	0	static
C:/project/TI/LED_BLINK/MSPM0G3507/Driver/ti/driverlib/dl_timer.c:855:6:DL_Timer_isCaptureCompareInputFilterEnabled	0	static
C:/project/TI/LED_BLINK/MSPM0G3507/Driver/ti/driverlib/dl_timer.c:866:6:DL_Timer_saveConfiguration	8	static
C:/project/TI/LED_BLINK/MSPM0G3507/Driver/ti/driverlib/dl_timer.c:931:6:DL_Timer_restoreConfiguration	24	static
C:/project/TI/LED_BLINK/MSPM0G3507/Driver/ti/driverlib/dl_timer.c:1011:6:DL_Timer_initFourCCPWMMode	32	static
C:/project/TI/LED_BLINK/MSPM0G3507/Driver/ti/driverlib/dl_timer.c:1076:6:DL_Timer_setFaultSourceConfig	12	static
C:/project/TI/LED_BLINK/MSPM0G3507/Driver/ti/driverlib/dl_timer.c:1093:10:DL_Timer_getFaultSourceConfig	0	static
C:/project/TI/LED_BLINK/MSPM0G3507/Driver/ti/driverlib/dl_timer.c:1112:6:DL_TimerA_saveConfiguration	8	static
C:/project/TI/LED_BLINK/MSPM0G3507/Driver/ti/driverlib/dl_timer.c:1183:6:DL_TimerA_restoreConfiguration	12	static
C:/project/TI/LED_BLINK/MSPM0G3507/Driver/ti/driverlib/dl_timer.c:1329:6:DL_Timer_configQEIHallInputMode	0	static
