C:/project/TI/SysTick/MSPM0G3507/Driver/ti/driverlib/dl_flashctl.h:983:26:DL_FlashCTL_getFlashSectorNumberInBank	24	static
C:/project/TI/SysTick/MSPM0G3507/Driver/ti/driverlib/dl_flashctl.c:62:43:DL_FlashCTL_executeCommandFromRAM	8	static
C:/project/TI/SysTick/MSPM0G3507/Driver/ti/driverlib/dl_flashctl.c:270:13:DL_FlashCTL_programMemoryConfig	8	static
C:/project/TI/SysTick/MSPM0G3507/Driver/ti/driverlib/dl_flashctl.c:282:13:DL_FlashCTL_programMemory8Config	16	static
C:/project/TI/SysTick/MSPM0G3507/Driver/ti/driverlib/dl_flashctl.c:291:13:DL_FlashCTL_programMemory16Config	16	static
C:/project/TI/SysTick/MSPM0G3507/Driver/ti/driverlib/dl_flashctl.c:300:13:DL_FlashCTL_programMemory32Config	16	static
C:/project/TI/SysTick/MSPM0G3507/Driver/ti/driverlib/dl_flashctl.c:309:13:DL_FlashCTL_programMemory64Config	16	static
C:/project/TI/SysTick/MSPM0G3507/Driver/ti/driverlib/dl_flashctl.c:1035:13:DL_FlashCTL_readVerifyConfig	8	static
C:/project/TI/SysTick/MSPM0G3507/Driver/ti/driverlib/dl_flashctl.c:1047:13:DL_FlashCTL_readVerify8Config	16	static
C:/project/TI/SysTick/MSPM0G3507/Driver/ti/driverlib/dl_flashctl.c:1055:13:DL_FlashCTL_readVerify16Config	16	static
C:/project/TI/SysTick/MSPM0G3507/Driver/ti/driverlib/dl_flashctl.c:1063:13:DL_FlashCTL_readVerify32Config	16	static
C:/project/TI/SysTick/MSPM0G3507/Driver/ti/driverlib/dl_flashctl.c:1071:13:DL_FlashCTL_readVerify64Config	16	static
C:/project/TI/SysTick/MSPM0G3507/Driver/ti/driverlib/dl_flashctl.c:90:6:DL_FlashCTL_eraseMemory	0	static
C:/project/TI/SysTick/MSPM0G3507/Driver/ti/driverlib/dl_flashctl.c:104:28:DL_FlashCTL_eraseMemoryFromRAM	8	static
C:/project/TI/SysTick/MSPM0G3507/Driver/ti/driverlib/dl_flashctl.c:319:6:DL_FlashCTL_programMemory8	8	static
C:/project/TI/SysTick/MSPM0G3507/Driver/ti/driverlib/dl_flashctl.c:330:28:DL_FlashCTL_programMemoryFromRAM8	8	static
C:/project/TI/SysTick/MSPM0G3507/Driver/ti/driverlib/dl_flashctl.c:340:6:DL_FlashCTL_programMemory16	8	static
C:/project/TI/SysTick/MSPM0G3507/Driver/ti/driverlib/dl_flashctl.c:351:28:DL_FlashCTL_programMemoryFromRAM16	8	static
C:/project/TI/SysTick/MSPM0G3507/Driver/ti/driverlib/dl_flashctl.c:362:6:DL_FlashCTL_programMemory32	8	static
C:/project/TI/SysTick/MSPM0G3507/Driver/ti/driverlib/dl_flashctl.c:373:28:DL_FlashCTL_programMemoryFromRAM32	8	static
C:/project/TI/SysTick/MSPM0G3507/Driver/ti/driverlib/dl_flashctl.c:384:6:DL_FlashCTL_programMemory64	8	static
C:/project/TI/SysTick/MSPM0G3507/Driver/ti/driverlib/dl_flashctl.c:395:28:DL_FlashCTL_programMemoryFromRAM64	8	static
C:/project/TI/SysTick/MSPM0G3507/Driver/ti/driverlib/dl_flashctl.c:406:6:DL_FlashCTL_programMemory8WithECCGenerated	8	static
C:/project/TI/SysTick/MSPM0G3507/Driver/ti/driverlib/dl_flashctl.c:417:28:DL_FlashCTL_programMemoryFromRAM8WithECCGenerated	8	static
C:/project/TI/SysTick/MSPM0G3507/Driver/ti/driverlib/dl_flashctl.c:428:6:DL_FlashCTL_programMemory16WithECCGenerated	8	static
C:/project/TI/SysTick/MSPM0G3507/Driver/ti/driverlib/dl_flashctl.c:439:28:DL_FlashCTL_programMemoryFromRAM16WithECCGenerated	8	static
C:/project/TI/SysTick/MSPM0G3507/Driver/ti/driverlib/dl_flashctl.c:450:6:DL_FlashCTL_programMemory32WithECCGenerated	8	static
C:/project/TI/SysTick/MSPM0G3507/Driver/ti/driverlib/dl_flashctl.c:460:28:DL_FlashCTL_programMemoryFromRAM32WithECCGenerated	8	static
C:/project/TI/SysTick/MSPM0G3507/Driver/ti/driverlib/dl_flashctl.c:470:6:DL_FlashCTL_programMemory64WithECCGenerated	8	static
C:/project/TI/SysTick/MSPM0G3507/Driver/ti/driverlib/dl_flashctl.c:481:28:DL_FlashCTL_programMemoryFromRAM64WithECCGenerated	8	static
C:/project/TI/SysTick/MSPM0G3507/Driver/ti/driverlib/dl_flashctl.c:492:6:DL_FlashCTL_programMemory8WithECCManual	16	static
C:/project/TI/SysTick/MSPM0G3507/Driver/ti/driverlib/dl_flashctl.c:505:28:DL_FlashCTL_programMemoryFromRAM8WithECCManual	16	static
C:/project/TI/SysTick/MSPM0G3507/Driver/ti/driverlib/dl_flashctl.c:519:6:DL_FlashCTL_programMemory16WithECCManual	16	static
C:/project/TI/SysTick/MSPM0G3507/Driver/ti/driverlib/dl_flashctl.c:532:28:DL_FlashCTL_programMemoryFromRAM16WithECCManual	16	static
C:/project/TI/SysTick/MSPM0G3507/Driver/ti/driverlib/dl_flashctl.c:546:6:DL_FlashCTL_programMemory32WithECCManual	16	static
C:/project/TI/SysTick/MSPM0G3507/Driver/ti/driverlib/dl_flashctl.c:559:28:DL_FlashCTL_programMemoryFromRAM32WithECCManual	16	static
C:/project/TI/SysTick/MSPM0G3507/Driver/ti/driverlib/dl_flashctl.c:573:6:DL_FlashCTL_programMemory64WithECCManual	16	static
C:/project/TI/SysTick/MSPM0G3507/Driver/ti/driverlib/dl_flashctl.c:586:28:DL_FlashCTL_programMemoryFromRAM64WithECCManual	16	static
C:/project/TI/SysTick/MSPM0G3507/Driver/ti/driverlib/dl_flashctl.c:802:6:DL_FlashCTL_unprotectMainMemory	0	static
C:/project/TI/SysTick/MSPM0G3507/Driver/ti/driverlib/dl_flashctl.c:809:6:DL_FlashCTL_unprotectDataMemory	0	static
C:/project/TI/SysTick/MSPM0G3507/Driver/ti/driverlib/dl_flashctl.c:816:6:DL_FlashCTL_protectMainMemory	0	static
C:/project/TI/SysTick/MSPM0G3507/Driver/ti/driverlib/dl_flashctl.c:823:6:DL_FlashCTL_unprotectNonMainMemory	0	static
C:/project/TI/SysTick/MSPM0G3507/Driver/ti/driverlib/dl_flashctl.c:828:6:DL_FlashCTL_protectNonMainMemory	0	static
C:/project/TI/SysTick/MSPM0G3507/Driver/ti/driverlib/dl_flashctl.c:833:6:DL_FlashCTL_unprotectAllMemory	0	static
C:/project/TI/SysTick/MSPM0G3507/Driver/ti/driverlib/dl_flashctl.c:843:6:DL_FlashCTL_protectAllMemory	0	static
C:/project/TI/SysTick/MSPM0G3507/Driver/ti/driverlib/dl_flashctl.c:878:6:DL_FlashCTL_unprotectSector	40	static
C:/project/TI/SysTick/MSPM0G3507/Driver/ti/driverlib/dl_flashctl.c:600:6:DL_FlashCTL_programMemoryBlocking64WithECCGenerated	24	static
C:/project/TI/SysTick/MSPM0G3507/Driver/ti/driverlib/dl_flashctl.c:631:1:DL_FlashCTL_programMemoryBlockingFromRAM64WithECCGenerated	24	static
C:/project/TI/SysTick/MSPM0G3507/Driver/ti/driverlib/dl_flashctl.c:661:6:DL_FlashCTL_programMemoryBlocking64WithECCManual	32	static
C:/project/TI/SysTick/MSPM0G3507/Driver/ti/driverlib/dl_flashctl.c:694:1:DL_FlashCTL_programMemoryBlockingFromRAM64WithECCManual	32	static
C:/project/TI/SysTick/MSPM0G3507/Driver/ti/driverlib/dl_flashctl.c:726:6:DL_FlashCTL_programMemoryBlocking	24	static
C:/project/TI/SysTick/MSPM0G3507/Driver/ti/driverlib/dl_flashctl.c:765:28:DL_FlashCTL_programMemoryFromRAM	24	static
C:/project/TI/SysTick/MSPM0G3507/Driver/ti/driverlib/dl_flashctl.c:968:6:DL_FlashCTL_protectSector	40	static
C:/project/TI/SysTick/MSPM0G3507/Driver/ti/driverlib/dl_flashctl.c:1081:6:DL_FlashCTL_readVerify8	8	static
C:/project/TI/SysTick/MSPM0G3507/Driver/ti/driverlib/dl_flashctl.c:1099:6:DL_FlashCTL_readVerify16	8	static
C:/project/TI/SysTick/MSPM0G3507/Driver/ti/driverlib/dl_flashctl.c:1117:6:DL_FlashCTL_readVerify32	8	static
C:/project/TI/SysTick/MSPM0G3507/Driver/ti/driverlib/dl_flashctl.c:1135:6:DL_FlashCTL_readVerify64	8	static
C:/project/TI/SysTick/MSPM0G3507/Driver/ti/driverlib/dl_flashctl.c:1154:28:DL_FlashCTL_readVerifyFromRAM8	8	static
C:/project/TI/SysTick/MSPM0G3507/Driver/ti/driverlib/dl_flashctl.c:1164:28:DL_FlashCTL_readVerifyFromRAM16	8	static
C:/project/TI/SysTick/MSPM0G3507/Driver/ti/driverlib/dl_flashctl.c:1174:28:DL_FlashCTL_readVerifyFromRAM32	8	static
C:/project/TI/SysTick/MSPM0G3507/Driver/ti/driverlib/dl_flashctl.c:1184:28:DL_FlashCTL_readVerifyFromRAM64	8	static
C:/project/TI/SysTick/MSPM0G3507/Driver/ti/driverlib/dl_flashctl.c:1194:28:DL_FlashCTL_readVerifyFromRAM8WithECCGenerated	8	static
C:/project/TI/SysTick/MSPM0G3507/Driver/ti/driverlib/dl_flashctl.c:1204:28:DL_FlashCTL_readVerifyFromRAM16WithECCGenerated	8	static
C:/project/TI/SysTick/MSPM0G3507/Driver/ti/driverlib/dl_flashctl.c:1214:28:DL_FlashCTL_readVerifyFromRAM32WithECCGenerated	8	static
C:/project/TI/SysTick/MSPM0G3507/Driver/ti/driverlib/dl_flashctl.c:1224:28:DL_FlashCTL_readVerifyFromRAM64WithECCGenerated	8	static
C:/project/TI/SysTick/MSPM0G3507/Driver/ti/driverlib/dl_flashctl.c:1234:28:DL_FlashCTL_readVerifyFromRAM8WithECCManual	16	static
C:/project/TI/SysTick/MSPM0G3507/Driver/ti/driverlib/dl_flashctl.c:1247:28:DL_FlashCTL_readVerifyFromRAM16WithECCManual	16	static
C:/project/TI/SysTick/MSPM0G3507/Driver/ti/driverlib/dl_flashctl.c:1260:28:DL_FlashCTL_readVerifyFromRAM32WithECCManual	16	static
C:/project/TI/SysTick/MSPM0G3507/Driver/ti/driverlib/dl_flashctl.c:1273:28:DL_FlashCTL_readVerifyFromRAM64WithECCManual	16	static
C:/project/TI/SysTick/MSPM0G3507/Driver/ti/driverlib/dl_flashctl.c:1286:6:DL_FlashCTL_readVerify8WithECCGenerated	8	static
C:/project/TI/SysTick/MSPM0G3507/Driver/ti/driverlib/dl_flashctl.c:1304:6:DL_FlashCTL_readVerify16WithECCGenerated	8	static
C:/project/TI/SysTick/MSPM0G3507/Driver/ti/driverlib/dl_flashctl.c:1322:6:DL_FlashCTL_readVerify32WithECCGenerated	8	static
C:/project/TI/SysTick/MSPM0G3507/Driver/ti/driverlib/dl_flashctl.c:1340:6:DL_FlashCTL_readVerify64WithECCGenerated	8	static
C:/project/TI/SysTick/MSPM0G3507/Driver/ti/driverlib/dl_flashctl.c:1359:6:DL_FlashCTL_readVerify8WithECCManual	12	static
C:/project/TI/SysTick/MSPM0G3507/Driver/ti/driverlib/dl_flashctl.c:1378:6:DL_FlashCTL_readVerify16WithECCManual	12	static
C:/project/TI/SysTick/MSPM0G3507/Driver/ti/driverlib/dl_flashctl.c:1397:6:DL_FlashCTL_readVerify32WithECCManual	12	static
C:/project/TI/SysTick/MSPM0G3507/Driver/ti/driverlib/dl_flashctl.c:1416:6:DL_FlashCTL_readVerify64WithECCManual	12	static
C:/project/TI/SysTick/MSPM0G3507/Driver/ti/driverlib/dl_flashctl.c:1436:6:DL_FlashCTL_blankVerify	0	static
C:/project/TI/SysTick/MSPM0G3507/Driver/ti/driverlib/dl_flashctl.c:1450:28:DL_FlashCTL_blankVerifyFromRAM	8	static
C:/project/TI/SysTick/MSPM0G3507/Driver/ti/driverlib/dl_flashctl.c:1465:6:DL_FlashCTL_eraseDataBank	16	static
C:/project/TI/SysTick/MSPM0G3507/Driver/ti/driverlib/dl_flashctl.c:119:6:DL_FlashCTL_massErase	16	static
C:/project/TI/SysTick/MSPM0G3507/Driver/ti/driverlib/dl_flashctl.c:220:6:DL_FlashCTL_factoryReset	8	static
C:/project/TI/SysTick/MSPM0G3507/Driver/ti/driverlib/dl_flashctl.c:155:6:DL_FlashCTL_massEraseMultiBank	32	static
C:/project/TI/SysTick/MSPM0G3507/Driver/ti/driverlib/dl_flashctl.c:253:6:DL_FlashCTL_factoryResetMultiBank	8	static
C:/project/TI/SysTick/MSPM0G3507/Driver/ti/driverlib/dl_flashctl.c:1486:28:DL_FlashCTL_eraseDataBankFromRAM	16	static
C:/project/TI/SysTick/MSPM0G3507/Driver/ti/driverlib/dl_flashctl.c:136:28:DL_FlashCTL_massEraseFromRAM	16	static
C:/project/TI/SysTick/MSPM0G3507/Driver/ti/driverlib/dl_flashctl.c:237:28:DL_FlashCTL_factoryResetFromRAM	8	static
